<html>
<body>
<pre>
<h1>µVision Build Log</h1>
<h2>Project:</h2>
F:\work\meiliweiye\my_project\≤‚ ‘≥Ã–Ú\RDN\RDN_V1.0\Project\OBJ\STM32-DEMO.uvproj
Project File Date:  03/21/2014

<h2>Output:</h2>
Build target 'RDN_V1.0'
compiling main.c...
..\..\USER\SRC\main.c(122): warning:  #177-D: variable "i" was declared but never referenced
..\..\USER\SRC\main.c(122): warning:  #177-D: variable "j" was declared but never referenced
linking...
Program Size: Code=14380 RO-data=336 RW-data=140 ZI-data=1100  
FromELF: creating hex file...
"..\OUTPUT\RDN_V1.axf" - 0 Error(s), 2 Warning(s).
Build target 'RDN_V1.0'
linking...
Program Size: Code=14380 RO-data=336 RW-data=140 ZI-data=1100  
FromELF: creating hex file...
"..\OUTPUT\RDN_V1.axf" - 0 Error(s), 0 Warning(s).
Load "..\\OUTPUT\\RDN_V1.AXF" 
Set JLink Project File to "F:\work\meiliweiye\my_project\≤‚ ‘≥Ã–Ú\RDN\RDN_V1.0\Project\OBJ\JLinkSettings.ini"
* JLink Info: Device "STM32F103ZE" selected (512 KB flash, 64 KB RAM).
 
JLink info:
------------
DLL: V4.54a, compiled Sep 17 2012 15:58:45
Firmware: J-Link ARM V8 compiled Aug  1 2012 13:40:47
Hardware: V8.00
S/N : 20100213 
Feature(s) : RDI,FlashDL,FlashBP,JFlash,GDBFULL 
 
* JLink Info: Found SWD-DP with ID 0x1BA01477
* JLink Info: Found SWD-DP with ID 0x1BA01477
* JLink Info: TPIU fitted.
* JLink Info: ETM fitted.
* JLink Info: FPUnit: 6 code (BP) slots and 2 literal slots
* JLink Info: Found Cortex-M3 r1p1, Little endian.
ROMTableAddr = 0xE00FF003
 
Target info:
------------
Device: STM32F103ZE
VTarget = 3.222V
State of Pins: 
TCK: 0, TDI: 0, TDO: 0, TMS: 1, TRES: 1, TRST: 1
Hardware-Breakpoints: 6
Software-Breakpoints: 8192
Watchpoints:          4
JTAG speed: 4000 kHz
 
Erase Done.
Programming Done.
Verify OK.
Load "..\\OUTPUT\\RDN_V1.AXF" 
Build target 'RDN_V1.0'
compiling main.c...
..\..\USER\SRC\main.c(122): warning:  #177-D: variable "i" was declared but never referenced
..\..\USER\SRC\main.c(122): warning:  #177-D: variable "j" was declared but never referenced
linking...
Program Size: Code=11044 RO-data=336 RW-data=120 ZI-data=1096  
FromELF: creating hex file...
"..\OUTPUT\RDN_V1.axf" - 0 Error(s), 2 Warning(s).
Build target 'RDN_V1.0'
compiling main.c...
..\..\USER\SRC\main.c(122): warning:  #177-D: variable "i" was declared but never referenced
..\..\USER\SRC\main.c(122): warning:  #177-D: variable "j" was declared but never referenced
linking...
Program Size: Code=14344 RO-data=336 RW-data=140 ZI-data=1100  
FromELF: creating hex file...
"..\OUTPUT\RDN_V1.axf" - 0 Error(s), 2 Warning(s).
Build target 'RDN_V1.0'
linking...
Program Size: Code=14344 RO-data=336 RW-data=140 ZI-data=1100  
FromELF: creating hex file...
"..\OUTPUT\RDN_V1.axf" - 0 Error(s), 0 Warning(s).
Build target 'RDN_V1.0'
compiling main.c...
..\..\USER\SRC\main.c(122): warning:  #177-D: variable "i" was declared but never referenced
..\..\USER\SRC\main.c(122): warning:  #177-D: variable "j" was declared but never referenced
linking...
Program Size: Code=11044 RO-data=336 RW-data=120 ZI-data=1096  
FromELF: creating hex file...
"..\OUTPUT\RDN_V1.axf" - 0 Error(s), 2 Warning(s).
Load "..\\OUTPUT\\RDN_V1.AXF" 
Load "..\\OUTPUT\\RDN_V1.AXF" 
Set JLink Project File to "F:\work\meiliweiye\my_project\≤‚ ‘≥Ã–Ú\RDN\RDN_V1.0\Project\OBJ\JLinkSettings.ini"
* JLink Info: Device "STM32F103ZE" selected (512 KB flash, 64 KB RAM).
 
JLink info:
------------
DLL: V4.54a, compiled Sep 17 2012 15:58:45
Firmware: J-Link ARM V8 compiled Aug  1 2012 13:40:47
Hardware: V8.00
S/N : 20100213 
Feature(s) : RDI,FlashDL,FlashBP,JFlash,GDBFULL 
 
* JLink Info: Found SWD-DP with ID 0x1BA01477
* JLink Info: Found SWD-DP with ID 0x1BA01477
* JLink Info: TPIU fitted.
* JLink Info: ETM fitted.
* JLink Info: FPUnit: 6 code (BP) slots and 2 literal slots
* JLink Info: Found Cortex-M3 r1p1, Little endian.
ROMTableAddr = 0xE00FF003
 
Target info:
------------
Device: STM32F103ZE
VTarget = 3.222V
State of Pins: 
TCK: 0, TDI: 0, TDO: 0, TMS: 1, TRES: 1, TRST: 1
Hardware-Breakpoints: 6
Software-Breakpoints: 8192
Watchpoints:          4
JTAG speed: 4000 kHz
 
Erase Done.
Programming Done.
Verify OK.
Build target 'RDN_V1.0'
compiling main.c...
..\..\USER\SRC\main.c(122): warning:  #177-D: variable "i" was declared but never referenced
..\..\USER\SRC\main.c(122): warning:  #177-D: variable "j" was declared but never referenced
linking...
Program Size: Code=14344 RO-data=336 RW-data=140 ZI-data=1100  
FromELF: creating hex file...
"..\OUTPUT\RDN_V1.axf" - 0 Error(s), 2 Warning(s).
Load "..\\OUTPUT\\RDN_V1.AXF" 
Set JLink Project File to "F:\work\meiliweiye\my_project\≤‚ ‘≥Ã–Ú\RDN\RDN_V1.0\Project\OBJ\JLinkSettings.ini"
* JLink Info: Device "STM32F103ZE" selected (512 KB flash, 64 KB RAM).
 
JLink info:
------------
DLL: V4.54a, compiled Sep 17 2012 15:58:45
Firmware: J-Link ARM V8 compiled Aug  1 2012 13:40:47
Hardware: V8.00
S/N : 20100213 
Feature(s) : RDI,FlashDL,FlashBP,JFlash,GDBFULL 
 
* JLink Info: Found SWD-DP with ID 0x1BA01477
* JLink Info: Found SWD-DP with ID 0x1BA01477
* JLink Info: TPIU fitted.
* JLink Info: ETM fitted.
* JLink Info: FPUnit: 6 code (BP) slots and 2 literal slots
* JLink Info: Found Cortex-M3 r1p1, Little endian.
ROMTableAddr = 0xE00FF003
 
Target info:
------------
Device: STM32F103ZE
VTarget = 3.222V
State of Pins: 
TCK: 0, TDI: 0, TDO: 0, TMS: 1, TRES: 1, TRST: 1
Hardware-Breakpoints: 6
Software-Breakpoints: 8192
Watchpoints:          4
JTAG speed: 4000 kHz
 
Erase Done.
Programming Done.
Verify OK.
Build target 'RDN_V1.0'
compiling main.c...
..\..\USER\SRC\main.c(122): warning:  #177-D: variable "i" was declared but never referenced
..\..\USER\SRC\main.c(122): warning:  #177-D: variable "j" was declared but never referenced
linking...
Program Size: Code=14356 RO-data=336 RW-data=140 ZI-data=1100  
FromELF: creating hex file...
"..\OUTPUT\RDN_V1.axf" - 0 Error(s), 2 Warning(s).
Build target 'RDN_V1.0'
linking...
Program Size: Code=14356 RO-data=336 RW-data=140 ZI-data=1100  
FromELF: creating hex file...
"..\OUTPUT\RDN_V1.axf" - 0 Error(s), 0 Warning(s).
Build target 'RDN_V1.0'
compiling main.c...
..\..\USER\SRC\main.c(103): error:  #165: too few arguments in function call
..\..\USER\SRC\main.c(122): warning:  #177-D: variable "i" was declared but never referenced
..\..\USER\SRC\main.c(122): warning:  #177-D: variable "j" was declared but never referenced
Target not created
Build target 'RDN_V1.0'
compiling main.c...
..\..\USER\SRC\main.c(122): warning:  #177-D: variable "i" was declared but never referenced
..\..\USER\SRC\main.c(122): warning:  #177-D: variable "j" was declared but never referenced
linking...
Program Size: Code=14352 RO-data=336 RW-data=140 ZI-data=1100  
FromELF: creating hex file...
"..\OUTPUT\RDN_V1.axf" - 0 Error(s), 2 Warning(s).
Load "..\\OUTPUT\\RDN_V1.AXF" 
Set JLink Project File to "F:\work\meiliweiye\my_project\≤‚ ‘≥Ã–Ú\RDN\RDN_V1.0\Project\OBJ\JLinkSettings.ini"
* JLink Info: Device "STM32F103ZE" selected (512 KB flash, 64 KB RAM).
 
JLink info:
------------
DLL: V4.54a, compiled Sep 17 2012 15:58:45
Firmware: J-Link ARM V8 compiled Aug  1 2012 13:40:47
Hardware: V8.00
S/N : 20100213 
Feature(s) : RDI,FlashDL,FlashBP,JFlash,GDBFULL 
 
* JLink Info: Found SWD-DP with ID 0x1BA01477
* JLink Info: Found SWD-DP with ID 0x1BA01477
* JLink Info: TPIU fitted.
* JLink Info: ETM fitted.
* JLink Info: FPUnit: 6 code (BP) slots and 2 literal slots
* JLink Info: Found Cortex-M3 r1p1, Little endian.
ROMTableAddr = 0xE00FF003
 
Target info:
------------
Device: STM32F103ZE
VTarget = 3.222V
State of Pins: 
TCK: 0, TDI: 0, TDO: 0, TMS: 1, TRES: 1, TRST: 1
Hardware-Breakpoints: 6
Software-Breakpoints: 8192
Watchpoints:          4
JTAG speed: 4000 kHz
 
Erase Done.
Programming Done.
Verify OK.
Build target 'RDN_V1.0'
compiling main.c...
..\..\USER\SRC\main.c(122): warning:  #177-D: variable "i" was declared but never referenced
..\..\USER\SRC\main.c(122): warning:  #177-D: variable "j" was declared but never referenced
linking...
Program Size: Code=14356 RO-data=336 RW-data=140 ZI-data=1100  
FromELF: creating hex file...
"..\OUTPUT\RDN_V1.axf" - 0 Error(s), 2 Warning(s).
Build target 'RDN_V1.0'
linking...
Program Size: Code=14356 RO-data=336 RW-data=140 ZI-data=1100  
FromELF: creating hex file...
"..\OUTPUT\RDN_V1.axf" - 0 Error(s), 0 Warning(s).
Load "..\\OUTPUT\\RDN_V1.AXF" 
Set JLink Project File to "F:\work\meiliweiye\my_project\≤‚ ‘≥Ã–Ú\RDN\RDN_V1.0\Project\OBJ\JLinkSettings.ini"
* JLink Info: Device "STM32F103ZE" selected (512 KB flash, 64 KB RAM).
 
JLink info:
------------
DLL: V4.54a, compiled Sep 17 2012 15:58:45
Firmware: J-Link ARM V8 compiled Aug  1 2012 13:40:47
Hardware: V8.00
S/N : 20100213 
Feature(s) : RDI,FlashDL,FlashBP,JFlash,GDBFULL 
 
* JLink Info: Found SWD-DP with ID 0x1BA01477
* JLink Info: Found SWD-DP with ID 0x1BA01477
* JLink Info: TPIU fitted.
* JLink Info: ETM fitted.
* JLink Info: FPUnit: 6 code (BP) slots and 2 literal slots
* JLink Info: Found Cortex-M3 r1p1, Little endian.
ROMTableAddr = 0xE00FF003
 
Target info:
------------
Device: STM32F103ZE
VTarget = 3.222V
State of Pins: 
TCK: 0, TDI: 0, TDO: 0, TMS: 1, TRES: 1, TRST: 1
Hardware-Breakpoints: 6
Software-Breakpoints: 8192
Watchpoints:          4
JTAG speed: 4000 kHz
 
Erase Done.
Programming Done.
Verify OK.
Build target 'RDN_V1.0'
compiling main.c...
..\..\USER\SRC\main.c(122): warning:  #177-D: variable "i" was declared but never referenced
..\..\USER\SRC\main.c(122): warning:  #177-D: variable "j" was declared but never referenced
linking...
Program Size: Code=14352 RO-data=336 RW-data=140 ZI-data=1100  
FromELF: creating hex file...
"..\OUTPUT\RDN_V1.axf" - 0 Error(s), 2 Warning(s).
Load "..\\OUTPUT\\RDN_V1.AXF" 
Set JLink Project File to "F:\work\meiliweiye\my_project\≤‚ ‘≥Ã–Ú\RDN\RDN_V1.0\Project\OBJ\JLinkSettings.ini"
* JLink Info: Device "STM32F103ZE" selected (512 KB flash, 64 KB RAM).
 
JLink info:
------------
DLL: V4.54a, compiled Sep 17 2012 15:58:45
Firmware: J-Link ARM V8 compiled Aug  1 2012 13:40:47
Hardware: V8.00
S/N : 20100213 
Feature(s) : RDI,FlashDL,FlashBP,JFlash,GDBFULL 
 
* JLink Info: Found SWD-DP with ID 0x1BA01477
* JLink Info: Found SWD-DP with ID 0x1BA01477
* JLink Info: TPIU fitted.
* JLink Info: ETM fitted.
* JLink Info: FPUnit: 6 code (BP) slots and 2 literal slots
* JLink Info: Found Cortex-M3 r1p1, Little endian.
ROMTableAddr = 0xE00FF003
 
Target info:
------------
Device: STM32F103ZE
VTarget = 3.222V
State of Pins: 
TCK: 0, TDI: 0, TDO: 0, TMS: 1, TRES: 1, TRST: 1
Hardware-Breakpoints: 6
Software-Breakpoints: 8192
Watchpoints:          4
JTAG speed: 4000 kHz
 
Erase Done.
Programming Done.
Verify OK.
Build target 'RDN_V1.0'
compiling main.c...
..\..\USER\SRC\main.c(119): warning:  #177-D: variable "i" was declared but never referenced
..\..\USER\SRC\main.c(119): warning:  #177-D: variable "j" was declared but never referenced
linking...
Program Size: Code=14356 RO-data=336 RW-data=140 ZI-data=1100  
FromELF: creating hex file...
"..\OUTPUT\RDN_V1.axf" - 0 Error(s), 2 Warning(s).
Load "..\\OUTPUT\\RDN_V1.AXF" 
Set JLink Project File to "F:\work\meiliweiye\my_project\≤‚ ‘≥Ã–Ú\RDN\RDN_V1.0\Project\OBJ\JLinkSettings.ini"
* JLink Info: Device "STM32F103ZE" selected (512 KB flash, 64 KB RAM).
 
JLink info:
------------
DLL: V4.54a, compiled Sep 17 2012 15:58:45
Firmware: J-Link ARM V8 compiled Aug  1 2012 13:40:47
Hardware: V8.00
S/N : 20100213 
Feature(s) : RDI,FlashDL,FlashBP,JFlash,GDBFULL 
 
* JLink Info: Found SWD-DP with ID 0x1BA01477
* JLink Info: Found SWD-DP with ID 0x1BA01477
* JLink Info: TPIU fitted.
* JLink Info: ETM fitted.
* JLink Info: FPUnit: 6 code (BP) slots and 2 literal slots
* JLink Info: Found Cortex-M3 r1p1, Little endian.
ROMTableAddr = 0xE00FF003
 
Target info:
------------
Device: STM32F103ZE
VTarget = 3.222V
State of Pins: 
TCK: 0, TDI: 0, TDO: 0, TMS: 1, TRES: 1, TRST: 1
Hardware-Breakpoints: 6
Software-Breakpoints: 8192
Watchpoints:          4
JTAG speed: 4000 kHz
 
Erase Done.
Programming Done.
Verify OK.
Build target 'RDN_V1.0'
compiling main.c...
..\..\USER\SRC\main.c(119): warning:  #177-D: variable "i" was declared but never referenced
..\..\USER\SRC\main.c(119): warning:  #177-D: variable "j" was declared but never referenced
linking...
Program Size: Code=14356 RO-data=336 RW-data=140 ZI-data=1100  
FromELF: creating hex file...
"..\OUTPUT\RDN_V1.axf" - 0 Error(s), 2 Warning(s).
Load "..\\OUTPUT\\RDN_V1.AXF" 
Set JLink Project File to "F:\work\meiliweiye\my_project\≤‚ ‘≥Ã–Ú\RDN\RDN_V1.0\Project\OBJ\JLinkSettings.ini"
* JLink Info: Device "STM32F103ZE" selected (512 KB flash, 64 KB RAM).
 
JLink info:
------------
DLL: V4.54a, compiled Sep 17 2012 15:58:45
Firmware: J-Link ARM V8 compiled Aug  1 2012 13:40:47
Hardware: V8.00
S/N : 20100213 
Feature(s) : RDI,FlashDL,FlashBP,JFlash,GDBFULL 
 
* JLink Info: Found SWD-DP with ID 0x1BA01477
* JLink Info: Found SWD-DP with ID 0x1BA01477
* JLink Info: TPIU fitted.
* JLink Info: ETM fitted.
* JLink Info: FPUnit: 6 code (BP) slots and 2 literal slots
* JLink Info: Found Cortex-M3 r1p1, Little endian.
ROMTableAddr = 0xE00FF003
 
Target info:
------------
Device: STM32F103ZE
VTarget = 3.222V
State of Pins: 
TCK: 0, TDI: 0, TDO: 0, TMS: 1, TRES: 1, TRST: 1
Hardware-Breakpoints: 6
Software-Breakpoints: 8192
Watchpoints:          4
JTAG speed: 4000 kHz
 
Erase Done.
Programming Done.
Verify OK.
Build target 'RDN_V1.0'
compiling main.c...
..\..\USER\SRC\main.c(119): warning:  #177-D: variable "i" was declared but never referenced
..\..\USER\SRC\main.c(119): warning:  #177-D: variable "j" was declared but never referenced
linking...
Program Size: Code=14356 RO-data=336 RW-data=140 ZI-data=1100  
FromELF: creating hex file...
"..\OUTPUT\RDN_V1.axf" - 0 Error(s), 2 Warning(s).
Build target 'RDN_V1.0'
linking...
Program Size: Code=14356 RO-data=336 RW-data=140 ZI-data=1100  
FromELF: creating hex file...
"..\OUTPUT\RDN_V1.axf" - 0 Error(s), 0 Warning(s).
Load "..\\OUTPUT\\RDN_V1.AXF" 
Set JLink Project File to "F:\work\meiliweiye\my_project\≤‚ ‘≥Ã–Ú\RDN\RDN_V1.0\Project\OBJ\JLinkSettings.ini"
* JLink Info: Device "STM32F103ZE" selected (512 KB flash, 64 KB RAM).
 
JLink info:
------------
DLL: V4.54a, compiled Sep 17 2012 15:58:45
Firmware: J-Link ARM V8 compiled Aug  1 2012 13:40:47
Hardware: V8.00
S/N : 20100213 
Feature(s) : RDI,FlashDL,FlashBP,JFlash,GDBFULL 
 
* JLink Info: Found SWD-DP with ID 0x1BA01477
* JLink Info: Found SWD-DP with ID 0x1BA01477
* JLink Info: TPIU fitted.
* JLink Info: ETM fitted.
* JLink Info: FPUnit: 6 code (BP) slots and 2 literal slots
* JLink Info: Found Cortex-M3 r1p1, Little endian.
ROMTableAddr = 0xE00FF003
 
Target info:
------------
Device: STM32F103ZE
VTarget = 3.222V
State of Pins: 
TCK: 0, TDI: 0, TDO: 0, TMS: 1, TRES: 1, TRST: 1
Hardware-Breakpoints: 6
Software-Breakpoints: 8192
Watchpoints:          4
JTAG speed: 4000 kHz
 
Erase Done.
Programming Done.
Verify OK.
Build target 'RDN_V1.0'
compiling main.c...
..\..\USER\SRC\main.c(119): warning:  #177-D: variable "i" was declared but never referenced
..\..\USER\SRC\main.c(119): warning:  #177-D: variable "j" was declared but never referenced
linking...
Program Size: Code=14356 RO-data=336 RW-data=140 ZI-data=1100  
FromELF: creating hex file...
"..\OUTPUT\RDN_V1.axf" - 0 Error(s), 2 Warning(s).
Load "..\\OUTPUT\\RDN_V1.AXF" 
Load "..\\OUTPUT\\RDN_V1.AXF" 
Set JLink Project File to "F:\work\meiliweiye\my_project\≤‚ ‘≥Ã–Ú\RDN\RDN_V1.0\Project\OBJ\JLinkSettings.ini"
* JLink Info: Device "STM32F103ZE" selected (512 KB flash, 64 KB RAM).
 
JLink info:
------------
DLL: V4.54a, compiled Sep 17 2012 15:58:45
Firmware: J-Link ARM V8 compiled Aug  1 2012 13:40:47
Hardware: V8.00
S/N : 20100213 
Feature(s) : RDI,FlashDL,FlashBP,JFlash,GDBFULL 
 
* JLink Info: Found SWD-DP with ID 0x1BA01477
* JLink Info: Found SWD-DP with ID 0x1BA01477
* JLink Info: TPIU fitted.
* JLink Info: ETM fitted.
* JLink Info: FPUnit: 6 code (BP) slots and 2 literal slots
* JLink Info: Found Cortex-M3 r1p1, Little endian.
ROMTableAddr = 0xE00FF003
 
Target info:
------------
Device: STM32F103ZE
VTarget = 3.222V
State of Pins: 
TCK: 0, TDI: 0, TDO: 0, TMS: 1, TRES: 1, TRST: 1
Hardware-Breakpoints: 6
Software-Breakpoints: 8192
Watchpoints:          4
JTAG speed: 4000 kHz
 
***JLink Error: Can not read register 15 (R15) while CPU is running
**JLink Warning: CPU could not be halted
***JLink Error: Could not read memory location 0x20000000 when trying to clear soft RAM BP
Could not start CPU core. (ErrorCode: -1)
***JLink Error: Can not read register 20 (CFBP) while CPU is running
**JLink Warning: CPU could not be halted
***JLink Error: Could not start CPU core. (ErrorCode: -1)
***JLink Error: CPU is not halted
***JLink Error: Can not read register 15 (R15) while CPU is running
**JLink Warning: CPU could not be halted
***JLink Error: Could not read memory location 0x20000000 when trying to clear soft RAM BP
Could not start CPU core. (ErrorCode: -1)
Erase Failed!
***JLink Error: Could not read memory location 0x20000000 when trying to clear soft RAM BP
Load "..\\OUTPUT\\RDN_V1.AXF" 
Set JLink Project File to "F:\work\meiliweiye\my_project\≤‚ ‘≥Ã–Ú\RDN\RDN_V1.0\Project\OBJ\JLinkSettings.ini"
* JLink Info: Device "STM32F103ZE" selected (512 KB flash, 64 KB RAM).
 
JLink info:
------------
DLL: V4.54a, compiled Sep 17 2012 15:58:45
Firmware: J-Link ARM V8 compiled Aug  1 2012 13:40:47
Hardware: V8.00
S/N : 20100213 
Feature(s) : RDI,FlashDL,FlashBP,JFlash,GDBFULL 
 
* JLink Info: Found SWD-DP with ID 0x1BA01477
* JLink Info: Found SWD-DP with ID 0x1BA01477
* JLink Info: TPIU fitted.
* JLink Info: ETM fitted.
* JLink Info: FPUnit: 6 code (BP) slots and 2 literal slots
* JLink Info: Found Cortex-M3 r1p1, Little endian.
ROMTableAddr = 0xE00FF003
 
Target info:
------------
Device: STM32F103ZE
VTarget = 3.222V
State of Pins: 
TCK: 0, TDI: 0, TDO: 0, TMS: 1, TRES: 1, TRST: 1
Hardware-Breakpoints: 6
Software-Breakpoints: 8192
Watchpoints:          4
JTAG speed: 4000 kHz
 
Erase Done.
Programming Done.
Verify OK.
Build target 'RDN_V1.0'
compiling main.c...
..\..\USER\SRC\main.c(119): warning:  #177-D: variable "i" was declared but never referenced
..\..\USER\SRC\main.c(119): warning:  #177-D: variable "j" was declared but never referenced
linking...
Program Size: Code=14356 RO-data=336 RW-data=140 ZI-data=1100  
FromELF: creating hex file...
"..\OUTPUT\RDN_V1.axf" - 0 Error(s), 2 Warning(s).
Load "..\\OUTPUT\\RDN_V1.AXF" 
Set JLink Project File to "F:\work\meiliweiye\my_project\≤‚ ‘≥Ã–Ú\RDN\RDN_V1.0\Project\OBJ\JLinkSettings.ini"
* JLink Info: Device "STM32F103ZE" selected (512 KB flash, 64 KB RAM).
 
JLink info:
------------
DLL: V4.54a, compiled Sep 17 2012 15:58:45
Firmware: J-Link ARM V8 compiled Aug  1 2012 13:40:47
Hardware: V8.00
S/N : 20100213 
Feature(s) : RDI,FlashDL,FlashBP,JFlash,GDBFULL 
 
* JLink Info: Found SWD-DP with ID 0x1BA01477
* JLink Info: Found SWD-DP with ID 0x1BA01477
* JLink Info: TPIU fitted.
* JLink Info: ETM fitted.
* JLink Info: FPUnit: 6 code (BP) slots and 2 literal slots
* JLink Info: Found Cortex-M3 r1p1, Little endian.
ROMTableAddr = 0xE00FF003
 
Target info:
------------
Device: STM32F103ZE
VTarget = 3.222V
State of Pins: 
TCK: 0, TDI: 0, TDO: 0, TMS: 1, TRES: 1, TRST: 1
Hardware-Breakpoints: 6
Software-Breakpoints: 8192
Watchpoints:          4
JTAG speed: 4000 kHz
 
Erase Done.
Programming Done.
Verify OK.
Build target 'RDN_V1.0'
compiling main.c...
..\..\USER\SRC\main.c(119): warning:  #177-D: variable "i" was declared but never referenced
..\..\USER\SRC\main.c(119): warning:  #177-D: variable "j" was declared but never referenced
linking...
Program Size: Code=14356 RO-data=336 RW-data=140 ZI-data=1100  
FromELF: creating hex file...
"..\OUTPUT\RDN_V1.axf" - 0 Error(s), 2 Warning(s).
Build target 'RDN_V1.0'
linking...
Program Size: Code=14356 RO-data=336 RW-data=140 ZI-data=1100  
FromELF: creating hex file...
"..\OUTPUT\RDN_V1.axf" - 0 Error(s), 0 Warning(s).
Load "..\\OUTPUT\\RDN_V1.AXF" 
Set JLink Project File to "F:\work\meiliweiye\my_project\≤‚ ‘≥Ã–Ú\RDN\RDN_V1.0\Project\OBJ\JLinkSettings.ini"
* JLink Info: Device "STM32F103ZE" selected (512 KB flash, 64 KB RAM).
 
JLink info:
------------
DLL: V4.54a, compiled Sep 17 2012 15:58:45
Firmware: J-Link ARM V8 compiled Aug  1 2012 13:40:47
Hardware: V8.00
S/N : 20100213 
Feature(s) : RDI,FlashDL,FlashBP,JFlash,GDBFULL 
 
* JLink Info: Found SWD-DP with ID 0x1BA01477
* JLink Info: Found SWD-DP with ID 0x1BA01477
* JLink Info: TPIU fitted.
* JLink Info: ETM fitted.
* JLink Info: FPUnit: 6 code (BP) slots and 2 literal slots
* JLink Info: Found Cortex-M3 r1p1, Little endian.
ROMTableAddr = 0xE00FF003
 
Target info:
------------
Device: STM32F103ZE
VTarget = 3.222V
State of Pins: 
TCK: 0, TDI: 0, TDO: 0, TMS: 1, TRES: 1, TRST: 1
Hardware-Breakpoints: 6
Software-Breakpoints: 8192
Watchpoints:          4
JTAG speed: 4000 kHz
 
Erase Done.
Programming Done.
Verify OK.
