<html>
<body>
<pre>
<h1>µVision Build Log</h1>
<h2>Project:</h2>
F:\work\meiliweiye\my_project\≤‚ ‘≥Ã–Ú\RDN\RDN_V1.0\Project\OBJ\STM32-DEMO.uvproj
Project File Date:  03/19/2014

<h2>Output:</h2>
Build target 'RDN_V1.0'
compiling main.c...
compiling exti.c...
compiling led.c...
compiling usart1.c...
compiling timer.c...
compiling stm32f10x_it.c...
linking...
Program Size: Code=12248 RO-data=336 RW-data=92 ZI-data=1028  
FromELF: creating hex file...
"..\OUTPUT\RDN_V1.0.axf" - 0 Error(s), 0 Warning(s).
Build target 'RDN_V1.0'
compiling stm32f10x_it.c...
compiling control.c...
linking...
Program Size: Code=12248 RO-data=336 RW-data=92 ZI-data=1028  
FromELF: creating hex file...
"..\OUTPUT\RDN_V1.0.axf" - 0 Error(s), 0 Warning(s).
Build target 'RDN_V1.0'
compiling decoder.c...
linking...
Program Size: Code=12248 RO-data=336 RW-data=92 ZI-data=1028  
FromELF: creating hex file...
"..\OUTPUT\RDN_V1.0.axf" - 0 Error(s), 0 Warning(s).
Build target 'RDN_V1.0'
compiling main.c...
..\..\USER\SRC\main.c(67): warning:  #223-D: function "DECODER_GPIO_Config" declared implicitly
..\..\USER\SRC\main.c(104): error:  #20: identifier "start_f" is undefined
..\..\USER\SRC\main.c(139): warning:  #223-D: function "Adherent_Detect" declared implicitly
..\..\USER\SRC\main.c(147): warning:  #223-D: function "Temperature_Control" declared implicitly
..\..\USER\SRC\main.c(152): warning:  #223-D: function "Power_Control" declared implicitly
..\..\USER\SRC\main.c(166): warning:  #223-D: function "LCD_Flush" declared implicitly
..\..\USER\SRC\main.c(168): error:  #65: expected a ";"
compiling exti.c...
compiling led.c...
compiling stm32f10x_it.c...
..\..\USER\SRC\stm32f10x_it.c(212): error:  #20: identifier "treat_tm" is undefined
..\..\USER\SRC\stm32f10x_it.c(258): error:  #20: identifier "start_f" is undefined
compiling control.c...
..\..\USER\SRC\control.c(31): error:  #20: identifier "Measure_P_Float" is undefined
..\..\USER\SRC\control.c(32): error:  #20: identifier "Measure_P" is undefined
..\..\USER\SRC\control.c(36): error:  #20: identifier "Measure_R_Float" is undefined
..\..\USER\SRC\control.c(37): error:  #20: identifier "Measure_R" is undefined
..\..\USER\SRC\control.c(41): error:  #20: identifier "Measure_R_Float" is undefined
..\..\USER\SRC\control.c(42): error:  #20: identifier "Measure_R" is undefined
..\..\USER\SRC\control.c(45): error:  #20: identifier "Measure_R" is undefined
..\..\USER\SRC\control.c(74): error:  #20: identifier "Thermocouple_Indicate" is undefined
..\..\USER\SRC\control.c(76): error:  #20: identifier "Measure_W_Float" is undefined
..\..\USER\SRC\control.c(80): error:  #20: identifier "Measure_W_Float" is undefined
..\..\USER\SRC\control.c(83): error:  #20: identifier "Measure_W_Temporary" is undefined
..\..\USER\SRC\control.c(83): error:  #20: identifier "Measure_W_Float" is undefined
..\..\USER\SRC\control.c(96): error:  #20: identifier "Measure_W" is undefined
..\..\USER\SRC\control.c(96): error:  #20: identifier "Measure_W_Temporary" is undefined
..\..\USER\SRC\control.c(98): warning:  #223-D: function "Adjust_P" declared implicitly
..\..\USER\SRC\control.c(98): error:  #20: identifier "Measure_P" is undefined
..\..\USER\SRC\control.c(98): error:  #20: identifier "Set_P" is undefined
..\..\USER\SRC\control.c(100): error:  #20: identifier "T2_Time_1s" is undefined
..\..\USER\SRC\control.c(104): error:  #20: identifier "Disable_Resistance_Alarm" is undefined
..\..\USER\SRC\control.c(109): error:  #20: identifier "First_Rf" is undefined
..\..\USER\SRC\control.c(112): error:  #20: identifier "Measure_T" is undefined
..\..\USER\SRC\control.c(118): error:  #20: identifier "Stop_Error" is undefined
..\..\USER\SRC\control.c(119): error:  #20: identifier "Stop_P_High" is undefined
..\..\USER\SRC\control.c(121): error:  #20: identifier "Rf_On_Off" is undefined
..\..\USER\SRC\control.c(123): error:  #20: identifier "Normal_Beep_Port" is undefined
..\..\USER\SRC\control.c(124): error:  #20: identifier "Alarm_Beep_Port" is undefined
..\..\USER\SRC\control.c(125): error:  #20: identifier "Alarm_Beep_Status" is undefined
..\..\USER\SRC\control.c(126): error:  #20: identifier "Alarm_Light_Port" is undefined
..\..\USER\SRC\control.c(127): error:  #20: identifier "Alarm_Light_Status" is undefined
..\..\USER\SRC\control.c(128): error:  #20: identifier "Alarm_Light_Time" is undefined
..\..\USER\SRC\control.c(132): warning:  #223-D: function "Relay_Control" declared implicitly
..\..\USER\SRC\control.c(133): warning:  #223-D: function "Ini_DCP_To_0" declared implicitly
..\..\USER\SRC\control.c(138): error:  #20: identifier "Measure_T" is undefined
compiling decoder.c...
..\..\USER\SRC\decoder.c(80): error:  #20: identifier "tmp" is undefined
compiling ad_max186.c...
Target not created
Build target 'RDN_V1.0'
compiling main.c...
..\..\USER\SRC\main.c(70): warning:  #223-D: function "DECODER_GPIO_Config" declared implicitly
..\..\USER\SRC\main.c(82): warning:  #223-D: function "SPI_MAX186_Init" declared implicitly
..\..\USER\SRC\main.c(113): error:  #20: identifier "start_f" is undefined
..\..\USER\SRC\main.c(147): warning:  #223-D: function "Adherent_Detect" declared implicitly
..\..\USER\SRC\main.c(155): warning:  #223-D: function "Temperature_Control" declared implicitly
..\..\USER\SRC\main.c(160): warning:  #223-D: function "Power_Control" declared implicitly
..\..\USER\SRC\main.c(174): warning:  #223-D: function "LCD_Flush" declared implicitly
compiling stm32f10x_it.c...
..\..\USER\SRC\stm32f10x_it.c(212): error:  #20: identifier "treat_tm" is undefined
..\..\USER\SRC\stm32f10x_it.c(258): error:  #20: identifier "start_f" is undefined
compiling control.c...
..\..\USER\SRC\control.c(20): warning:  #223-D: function "MAX186_ChannleN" declared implicitly
..\..\USER\SRC\control.c(27): warning:  #223-D: function "MAX186_ChannleN" declared implicitly
..\..\USER\SRC\control.c(29): error:  #29: expected an expression
..\..\USER\SRC\control.c(32): error:  #20: identifier "Measure_P_Float" is undefined
..\..\USER\SRC\control.c(33): error:  #20: identifier "Measure_R_Float" is undefined
..\..\USER\SRC\control.c(53): error:  #20: identifier "Measure_W_Float" is undefined
..\..\USER\SRC\control.c(46): warning:  #177-D: variable "WM_V" was declared but never referenced
..\..\USER\SRC\control.c(68): warning:  #223-D: function "Adjust_P" declared implicitly
..\..\USER\SRC\control.c(68): error:  #20: identifier "Measure_P_Float" is undefined
..\..\USER\SRC\control.c(68): error:  #20: identifier "Set_P" is undefined
..\..\USER\SRC\control.c(82): error:  #20: identifier "var_channel" is undefined
..\..\USER\SRC\control.c(84): warning:  #223-D: function "Adjust_T" declared implicitly
..\..\USER\SRC\control.c(84): error:  #20: identifier "Measure_W_Float" is undefined
..\..\USER\SRC\control.c(84): error:  #20: identifier "W_Set_Val" is undefined
..\..\USER\SRC\control.c(85): warning:  #223-D: function "Adjust_P" declared implicitly
..\..\USER\SRC\control.c(85): error:  #20: identifier "Measure_P" is undefined
..\..\USER\SRC\control.c(85): error:  #20: identifier "Target_P" is undefined
..\..\USER\SRC\control.c(101): error:  #159: declaration is incompatible with previous "Adjust_P" (declared at line 68)
..\..\USER\SRC\control.c(114): warning:  #223-D: function "AD5231_Write_RDAC" declared implicitly
..\..\USER\SRC\control.c(124): warning:  #223-D: function "AD5231_Write_RDAC" declared implicitly
..\..\USER\SRC\control.c(103): warning:  #177-D: variable "j" was declared but never referenced
..\..\USER\SRC\control.c(136): error:  #159: declaration is incompatible with previous "Adjust_T" (declared at line 84)
..\..\USER\SRC\control.c(149): error:  #20: identifier "Measure_P" is undefined
..\..\USER\SRC\control.c(151): error:  #20: identifier "Target_P" is undefined
..\..\USER\SRC\control.c(160): error:  #20: identifier "Measure_P" is undefined
..\..\USER\SRC\control.c(162): error:  #20: identifier "Target_P" is undefined
..\..\USER\SRC\control.c(169): error:  #20: identifier "Target_P" is undefined
..\..\USER\SRC\control.c(169): error:  #20: identifier "Measure_P" is undefined
..\..\USER\SRC\control.c(173): error:  #20: identifier "Target_P" is undefined
..\..\USER\SRC\control.c(173): error:  #20: identifier "Measure_P" is undefined
..\..\USER\SRC\control.c(183): error:  #20: identifier "Measure_P" is undefined
..\..\USER\SRC\control.c(185): error:  #20: identifier "Target_P" is undefined
..\..\USER\SRC\control.c(192): error:  #20: identifier "Target_P" is undefined
..\..\USER\SRC\control.c(192): error:  #20: identifier "Measure_P" is undefined
..\..\USER\SRC\control.c(196): error:  #20: identifier "Target_P" is undefined
..\..\USER\SRC\control.c(196): error:  #20: identifier "Measure_P" is undefined
..\..\USER\SRC\control.c(206): error:  #20: identifier "Measure_P" is undefined
..\..\USER\SRC\control.c(208): error:  #20: identifier "Target_P" is undefined
..\..\USER\SRC\control.c(215): error:  #20: identifier "Target_P" is undefined
compiling decoder.c...
..\..\USER\SRC\decoder.c(80): error:  #20: identifier "tmp" is undefined
compiling ad_max186.c...
Target not created
Build target 'RDN_V1.0'
compiling main.c...
..\..\USER\SRC\main.c(84): warning:  #223-D: function "SPI_MAX186_Init" declared implicitly
..\..\USER\SRC\main.c(115): error:  #20: identifier "start_f" is undefined
..\..\USER\SRC\main.c(149): warning:  #223-D: function "Adherent_Detect" declared implicitly
..\..\USER\SRC\main.c(157): warning:  #223-D: function "Temperature_Control" declared implicitly
..\..\USER\SRC\main.c(162): warning:  #223-D: function "Power_Control" declared implicitly
..\..\USER\SRC\main.c(176): warning:  #223-D: function "LCD_Flush" declared implicitly
compiling stm32f10x_it.c...
..\..\USER\SRC\stm32f10x_it.c(212): error:  #20: identifier "treat_tm" is undefined
..\..\USER\SRC\stm32f10x_it.c(258): error:  #20: identifier "start_f" is undefined
compiling control.c...
..\..\USER\SRC\control.c(20): warning:  #223-D: function "MAX186_ChannleN" declared implicitly
..\..\USER\SRC\control.c(27): warning:  #223-D: function "MAX186_ChannleN" declared implicitly
..\..\USER\SRC\control.c(29): error:  #29: expected an expression
..\..\USER\SRC\control.c(32): error:  #20: identifier "Measure_P_Float" is undefined
..\..\USER\SRC\control.c(33): error:  #20: identifier "Measure_R_Float" is undefined
..\..\USER\SRC\control.c(53): error:  #20: identifier "Measure_W_Float" is undefined
..\..\USER\SRC\control.c(46): warning:  #177-D: variable "WM_V" was declared but never referenced
..\..\USER\SRC\control.c(68): warning:  #223-D: function "Adjust_P" declared implicitly
..\..\USER\SRC\control.c(68): error:  #20: identifier "Measure_P_Float" is undefined
..\..\USER\SRC\control.c(68): error:  #20: identifier "Set_P" is undefined
..\..\USER\SRC\control.c(82): error:  #20: identifier "var_channel" is undefined
..\..\USER\SRC\control.c(84): warning:  #223-D: function "Adjust_T" declared implicitly
..\..\USER\SRC\control.c(84): error:  #20: identifier "Measure_W_Float" is undefined
..\..\USER\SRC\control.c(84): error:  #20: identifier "W_Set_Val" is undefined
..\..\USER\SRC\control.c(85): warning:  #223-D: function "Adjust_P" declared implicitly
..\..\USER\SRC\control.c(85): error:  #20: identifier "Measure_P" is undefined
..\..\USER\SRC\control.c(85): error:  #20: identifier "Target_P" is undefined
..\..\USER\SRC\control.c(101): error:  #159: declaration is incompatible with previous "Adjust_P" (declared at line 68)
..\..\USER\SRC\control.c(114): warning:  #223-D: function "AD5231_Write_RDAC" declared implicitly
..\..\USER\SRC\control.c(124): warning:  #223-D: function "AD5231_Write_RDAC" declared implicitly
..\..\USER\SRC\control.c(103): warning:  #177-D: variable "j" was declared but never referenced
..\..\USER\SRC\control.c(136): error:  #159: declaration is incompatible with previous "Adjust_T" (declared at line 84)
..\..\USER\SRC\control.c(149): error:  #20: identifier "Measure_P" is undefined
..\..\USER\SRC\control.c(151): error:  #20: identifier "Target_P" is undefined
..\..\USER\SRC\control.c(160): error:  #20: identifier "Measure_P" is undefined
..\..\USER\SRC\control.c(162): error:  #20: identifier "Target_P" is undefined
..\..\USER\SRC\control.c(169): error:  #20: identifier "Target_P" is undefined
..\..\USER\SRC\control.c(169): error:  #20: identifier "Measure_P" is undefined
..\..\USER\SRC\control.c(173): error:  #20: identifier "Target_P" is undefined
..\..\USER\SRC\control.c(173): error:  #20: identifier "Measure_P" is undefined
..\..\USER\SRC\control.c(183): error:  #20: identifier "Measure_P" is undefined
..\..\USER\SRC\control.c(185): error:  #20: identifier "Target_P" is undefined
..\..\USER\SRC\control.c(192): error:  #20: identifier "Target_P" is undefined
..\..\USER\SRC\control.c(192): error:  #20: identifier "Measure_P" is undefined
..\..\USER\SRC\control.c(196): error:  #20: identifier "Target_P" is undefined
..\..\USER\SRC\control.c(196): error:  #20: identifier "Measure_P" is undefined
..\..\USER\SRC\control.c(206): error:  #20: identifier "Measure_P" is undefined
..\..\USER\SRC\control.c(208): error:  #20: identifier "Target_P" is undefined
..\..\USER\SRC\control.c(215): error:  #20: identifier "Target_P" is undefined
compiling decoder.c...
..\..\USER\SRC\decoder.c(80): error:  #20: identifier "tmp" is undefined
Target not created
Build target 'RDN_V1.0'
compiling main.c...
..\..\USER\SRC\main.c(85): warning:  #223-D: function "SPI_MAX186_Init" declared implicitly
..\..\USER\SRC\main.c(116): error:  #20: identifier "start_f" is undefined
..\..\USER\SRC\main.c(150): warning:  #223-D: function "Adherent_Detect" declared implicitly
..\..\USER\SRC\main.c(158): warning:  #223-D: function "Temperature_Control" declared implicitly
..\..\USER\SRC\main.c(163): warning:  #223-D: function "Power_Control" declared implicitly
..\..\USER\SRC\main.c(177): warning:  #223-D: function "LCD_Flush" declared implicitly
compiling stm32f10x_it.c...
..\..\USER\SRC\stm32f10x_it.c(212): error:  #20: identifier "treat_tm" is undefined
..\..\USER\SRC\stm32f10x_it.c(258): error:  #20: identifier "start_f" is undefined
compiling control.c...
..\..\USER\SRC\control.c(20): warning:  #223-D: function "MAX186_ChannleN" declared implicitly
..\..\USER\SRC\control.c(27): warning:  #223-D: function "MAX186_ChannleN" declared implicitly
..\..\USER\SRC\control.c(29): error:  #29: expected an expression
..\..\USER\SRC\control.c(32): error:  #20: identifier "Measure_P_Float" is undefined
..\..\USER\SRC\control.c(33): error:  #20: identifier "Measure_R_Float" is undefined
..\..\USER\SRC\control.c(53): error:  #20: identifier "Measure_W_Float" is undefined
..\..\USER\SRC\control.c(46): warning:  #177-D: variable "WM_V" was declared but never referenced
..\..\USER\SRC\control.c(68): warning:  #223-D: function "Adjust_P" declared implicitly
..\..\USER\SRC\control.c(68): error:  #20: identifier "Measure_P_Float" is undefined
..\..\USER\SRC\control.c(68): error:  #20: identifier "Set_P" is undefined
..\..\USER\SRC\control.c(82): error:  #20: identifier "var_channel" is undefined
..\..\USER\SRC\control.c(84): warning:  #223-D: function "Adjust_T" declared implicitly
..\..\USER\SRC\control.c(84): error:  #20: identifier "Measure_W_Float" is undefined
..\..\USER\SRC\control.c(84): error:  #20: identifier "W_Set_Val" is undefined
..\..\USER\SRC\control.c(85): warning:  #223-D: function "Adjust_P" declared implicitly
..\..\USER\SRC\control.c(85): error:  #20: identifier "Measure_P" is undefined
..\..\USER\SRC\control.c(85): error:  #20: identifier "Target_P" is undefined
..\..\USER\SRC\control.c(101): error:  #159: declaration is incompatible with previous "Adjust_P" (declared at line 68)
..\..\USER\SRC\control.c(114): warning:  #223-D: function "AD5231_Write_RDAC" declared implicitly
..\..\USER\SRC\control.c(124): warning:  #223-D: function "AD5231_Write_RDAC" declared implicitly
..\..\USER\SRC\control.c(103): warning:  #177-D: variable "j" was declared but never referenced
..\..\USER\SRC\control.c(136): error:  #159: declaration is incompatible with previous "Adjust_T" (declared at line 84)
..\..\USER\SRC\control.c(149): error:  #20: identifier "Measure_P" is undefined
..\..\USER\SRC\control.c(151): error:  #20: identifier "Target_P" is undefined
..\..\USER\SRC\control.c(160): error:  #20: identifier "Measure_P" is undefined
..\..\USER\SRC\control.c(162): error:  #20: identifier "Target_P" is undefined
..\..\USER\SRC\control.c(169): error:  #20: identifier "Target_P" is undefined
..\..\USER\SRC\control.c(169): error:  #20: identifier "Measure_P" is undefined
..\..\USER\SRC\control.c(173): error:  #20: identifier "Target_P" is undefined
..\..\USER\SRC\control.c(173): error:  #20: identifier "Measure_P" is undefined
..\..\USER\SRC\control.c(183): error:  #20: identifier "Measure_P" is undefined
..\..\USER\SRC\control.c(185): error:  #20: identifier "Target_P" is undefined
..\..\USER\SRC\control.c(192): error:  #20: identifier "Target_P" is undefined
..\..\USER\SRC\control.c(192): error:  #20: identifier "Measure_P" is undefined
..\..\USER\SRC\control.c(196): error:  #20: identifier "Target_P" is undefined
..\..\USER\SRC\control.c(196): error:  #20: identifier "Measure_P" is undefined
..\..\USER\SRC\control.c(206): error:  #20: identifier "Measure_P" is undefined
..\..\USER\SRC\control.c(208): error:  #20: identifier "Target_P" is undefined
..\..\USER\SRC\control.c(215): error:  #20: identifier "Target_P" is undefined
compiling decoder.c...
..\..\USER\SRC\decoder.c(80): error:  #20: identifier "tmp" is undefined
Target not created
Build target 'RDN_V1.0'
compiling main.c...
..\..\USER\SRC\main.c(116): error:  #20: identifier "start_f" is undefined
..\..\USER\SRC\main.c(150): warning:  #223-D: function "Adherent_Detect" declared implicitly
..\..\USER\SRC\main.c(158): warning:  #223-D: function "Temperature_Control" declared implicitly
..\..\USER\SRC\main.c(163): warning:  #223-D: function "Power_Control" declared implicitly
..\..\USER\SRC\main.c(177): warning:  #223-D: function "LCD_Flush" declared implicitly
compiling stm32f10x_it.c...
..\..\USER\SRC\stm32f10x_it.c(212): error:  #20: identifier "treat_tm" is undefined
..\..\USER\SRC\stm32f10x_it.c(258): error:  #20: identifier "start_f" is undefined
compiling control.c...
..\..\USER\SRC\control.c(20): warning:  #223-D: function "MAX186_ChannleN" declared implicitly
..\..\USER\SRC\control.c(27): warning:  #223-D: function "MAX186_ChannleN" declared implicitly
..\..\USER\SRC\control.c(29): error:  #29: expected an expression
..\..\USER\SRC\control.c(32): error:  #20: identifier "Measure_P_Float" is undefined
..\..\USER\SRC\control.c(33): error:  #20: identifier "Measure_R_Float" is undefined
..\..\USER\SRC\control.c(53): error:  #20: identifier "Measure_W_Float" is undefined
..\..\USER\SRC\control.c(46): warning:  #177-D: variable "WM_V" was declared but never referenced
..\..\USER\SRC\control.c(68): warning:  #223-D: function "Adjust_P" declared implicitly
..\..\USER\SRC\control.c(68): error:  #20: identifier "Measure_P_Float" is undefined
..\..\USER\SRC\control.c(68): error:  #20: identifier "Set_P" is undefined
..\..\USER\SRC\control.c(82): error:  #20: identifier "var_channel" is undefined
..\..\USER\SRC\control.c(84): warning:  #223-D: function "Adjust_T" declared implicitly
..\..\USER\SRC\control.c(84): error:  #20: identifier "Measure_W_Float" is undefined
..\..\USER\SRC\control.c(84): error:  #20: identifier "W_Set_Val" is undefined
..\..\USER\SRC\control.c(85): warning:  #223-D: function "Adjust_P" declared implicitly
..\..\USER\SRC\control.c(85): error:  #20: identifier "Measure_P" is undefined
..\..\USER\SRC\control.c(85): error:  #20: identifier "Target_P" is undefined
..\..\USER\SRC\control.c(101): error:  #159: declaration is incompatible with previous "Adjust_P" (declared at line 68)
..\..\USER\SRC\control.c(114): warning:  #223-D: function "AD5231_Write_RDAC" declared implicitly
..\..\USER\SRC\control.c(124): warning:  #223-D: function "AD5231_Write_RDAC" declared implicitly
..\..\USER\SRC\control.c(103): warning:  #177-D: variable "j" was declared but never referenced
..\..\USER\SRC\control.c(136): error:  #159: declaration is incompatible with previous "Adjust_T" (declared at line 84)
..\..\USER\SRC\control.c(149): error:  #20: identifier "Measure_P" is undefined
..\..\USER\SRC\control.c(151): error:  #20: identifier "Target_P" is undefined
..\..\USER\SRC\control.c(160): error:  #20: identifier "Measure_P" is undefined
..\..\USER\SRC\control.c(162): error:  #20: identifier "Target_P" is undefined
..\..\USER\SRC\control.c(169): error:  #20: identifier "Target_P" is undefined
..\..\USER\SRC\control.c(169): error:  #20: identifier "Measure_P" is undefined
..\..\USER\SRC\control.c(173): error:  #20: identifier "Target_P" is undefined
..\..\USER\SRC\control.c(173): error:  #20: identifier "Measure_P" is undefined
..\..\USER\SRC\control.c(183): error:  #20: identifier "Measure_P" is undefined
..\..\USER\SRC\control.c(185): error:  #20: identifier "Target_P" is undefined
..\..\USER\SRC\control.c(192): error:  #20: identifier "Target_P" is undefined
..\..\USER\SRC\control.c(192): error:  #20: identifier "Measure_P" is undefined
..\..\USER\SRC\control.c(196): error:  #20: identifier "Target_P" is undefined
..\..\USER\SRC\control.c(196): error:  #20: identifier "Measure_P" is undefined
..\..\USER\SRC\control.c(206): error:  #20: identifier "Measure_P" is undefined
..\..\USER\SRC\control.c(208): error:  #20: identifier "Target_P" is undefined
..\..\USER\SRC\control.c(215): error:  #20: identifier "Target_P" is undefined
compiling decoder.c...
..\..\USER\SRC\decoder.c(80): error:  #20: identifier "tmp" is undefined
compiling ad_max186.c...
Target not created
Build target 'RDN_V1.0'
compiling main.c...
..\..\USER\SRC\main.c(35): error:  #148: variable "stop_f" has already been initialized
..\..\USER\SRC\main.c(117): error:  #20: identifier "start_f" is undefined
..\..\USER\SRC\main.c(151): warning:  #223-D: function "Adherent_Detect" declared implicitly
..\..\USER\SRC\main.c(159): warning:  #223-D: function "Temperature_Control" declared implicitly
..\..\USER\SRC\main.c(164): warning:  #223-D: function "Power_Control" declared implicitly
..\..\USER\SRC\main.c(178): warning:  #223-D: function "LCD_Flush" declared implicitly
compiling stm32f10x_it.c...
..\..\USER\SRC\stm32f10x_it.c(212): error:  #20: identifier "treat_tm" is undefined
..\..\USER\SRC\stm32f10x_it.c(258): error:  #20: identifier "start_f" is undefined
compiling control.c...
..\..\USER\SRC\control.c(20): warning:  #223-D: function "MAX186_ChannleN" declared implicitly
..\..\USER\SRC\control.c(27): warning:  #223-D: function "MAX186_ChannleN" declared implicitly
..\..\USER\SRC\control.c(29): error:  #29: expected an expression
..\..\USER\SRC\control.c(32): error:  #20: identifier "Measure_P_Float" is undefined
..\..\USER\SRC\control.c(33): error:  #20: identifier "Measure_R_Float" is undefined
..\..\USER\SRC\control.c(53): error:  #20: identifier "Measure_W_Float" is undefined
..\..\USER\SRC\control.c(46): warning:  #177-D: variable "WM_V" was declared but never referenced
..\..\USER\SRC\control.c(68): warning:  #223-D: function "Adjust_P" declared implicitly
..\..\USER\SRC\control.c(68): error:  #20: identifier "Measure_P_Float" is undefined
..\..\USER\SRC\control.c(68): error:  #20: identifier "Set_P" is undefined
..\..\USER\SRC\control.c(82): error:  #20: identifier "var_channel" is undefined
..\..\USER\SRC\control.c(84): warning:  #223-D: function "Adjust_T" declared implicitly
..\..\USER\SRC\control.c(84): error:  #20: identifier "Measure_W_Float" is undefined
..\..\USER\SRC\control.c(84): error:  #20: identifier "W_Set_Val" is undefined
..\..\USER\SRC\control.c(85): warning:  #223-D: function "Adjust_P" declared implicitly
..\..\USER\SRC\control.c(85): error:  #20: identifier "Measure_P" is undefined
..\..\USER\SRC\control.c(85): error:  #20: identifier "Target_P" is undefined
..\..\USER\SRC\control.c(101): error:  #159: declaration is incompatible with previous "Adjust_P" (declared at line 68)
..\..\USER\SRC\control.c(114): warning:  #223-D: function "AD5231_Write_RDAC" declared implicitly
..\..\USER\SRC\control.c(124): warning:  #223-D: function "AD5231_Write_RDAC" declared implicitly
..\..\USER\SRC\control.c(103): warning:  #177-D: variable "j" was declared but never referenced
..\..\USER\SRC\control.c(136): error:  #159: declaration is incompatible with previous "Adjust_T" (declared at line 84)
..\..\USER\SRC\control.c(149): error:  #20: identifier "Measure_P" is undefined
..\..\USER\SRC\control.c(151): error:  #20: identifier "Target_P" is undefined
..\..\USER\SRC\control.c(160): error:  #20: identifier "Measure_P" is undefined
..\..\USER\SRC\control.c(162): error:  #20: identifier "Target_P" is undefined
..\..\USER\SRC\control.c(169): error:  #20: identifier "Target_P" is undefined
..\..\USER\SRC\control.c(169): error:  #20: identifier "Measure_P" is undefined
..\..\USER\SRC\control.c(173): error:  #20: identifier "Target_P" is undefined
..\..\USER\SRC\control.c(173): error:  #20: identifier "Measure_P" is undefined
..\..\USER\SRC\control.c(183): error:  #20: identifier "Measure_P" is undefined
..\..\USER\SRC\control.c(185): error:  #20: identifier "Target_P" is undefined
..\..\USER\SRC\control.c(192): error:  #20: identifier "Target_P" is undefined
..\..\USER\SRC\control.c(192): error:  #20: identifier "Measure_P" is undefined
..\..\USER\SRC\control.c(196): error:  #20: identifier "Target_P" is undefined
..\..\USER\SRC\control.c(196): error:  #20: identifier "Measure_P" is undefined
..\..\USER\SRC\control.c(206): error:  #20: identifier "Measure_P" is undefined
..\..\USER\SRC\control.c(208): error:  #20: identifier "Target_P" is undefined
..\..\USER\SRC\control.c(215): error:  #20: identifier "Target_P" is undefined
compiling decoder.c...
..\..\USER\SRC\decoder.c(80): error:  #20: identifier "tmp" is undefined
Target not created
Build target 'RDN_V1.0'
compiling main.c...
..\..\USER\SRC\main.c(151): warning:  #223-D: function "Adherent_Detect" declared implicitly
..\..\USER\SRC\main.c(159): warning:  #223-D: function "Temperature_Control" declared implicitly
..\..\USER\SRC\main.c(164): warning:  #223-D: function "Power_Control" declared implicitly
..\..\USER\SRC\main.c(178): warning:  #223-D: function "LCD_Flush" declared implicitly
compiling stm32f10x_it.c...
..\..\USER\SRC\stm32f10x_it.c(212): error:  #20: identifier "treat_tm" is undefined
..\..\USER\SRC\stm32f10x_it.c(258): error:  #20: identifier "start_f" is undefined
compiling control.c...
..\..\USER\SRC\control.c(20): warning:  #223-D: function "MAX186_ChannleN" declared implicitly
..\..\USER\SRC\control.c(27): warning:  #223-D: function "MAX186_ChannleN" declared implicitly
..\..\USER\SRC\control.c(29): error:  #29: expected an expression
..\..\USER\SRC\control.c(32): error:  #20: identifier "Measure_P_Float" is undefined
..\..\USER\SRC\control.c(33): error:  #20: identifier "Measure_R_Float" is undefined
..\..\USER\SRC\control.c(53): error:  #20: identifier "Measure_W_Float" is undefined
..\..\USER\SRC\control.c(46): warning:  #177-D: variable "WM_V" was declared but never referenced
..\..\USER\SRC\control.c(68): warning:  #223-D: function "Adjust_P" declared implicitly
..\..\USER\SRC\control.c(68): error:  #20: identifier "Measure_P_Float" is undefined
..\..\USER\SRC\control.c(68): error:  #20: identifier "Set_P" is undefined
..\..\USER\SRC\control.c(82): error:  #20: identifier "var_channel" is undefined
..\..\USER\SRC\control.c(84): warning:  #223-D: function "Adjust_T" declared implicitly
..\..\USER\SRC\control.c(84): error:  #20: identifier "Measure_W_Float" is undefined
..\..\USER\SRC\control.c(84): error:  #20: identifier "W_Set_Val" is undefined
..\..\USER\SRC\control.c(85): warning:  #223-D: function "Adjust_P" declared implicitly
..\..\USER\SRC\control.c(85): error:  #20: identifier "Measure_P" is undefined
..\..\USER\SRC\control.c(85): error:  #20: identifier "Target_P" is undefined
..\..\USER\SRC\control.c(101): error:  #159: declaration is incompatible with previous "Adjust_P" (declared at line 68)
..\..\USER\SRC\control.c(114): warning:  #223-D: function "AD5231_Write_RDAC" declared implicitly
..\..\USER\SRC\control.c(124): warning:  #223-D: function "AD5231_Write_RDAC" declared implicitly
..\..\USER\SRC\control.c(103): warning:  #177-D: variable "j" was declared but never referenced
..\..\USER\SRC\control.c(136): error:  #159: declaration is incompatible with previous "Adjust_T" (declared at line 84)
..\..\USER\SRC\control.c(149): error:  #20: identifier "Measure_P" is undefined
..\..\USER\SRC\control.c(151): error:  #20: identifier "Target_P" is undefined
..\..\USER\SRC\control.c(160): error:  #20: identifier "Measure_P" is undefined
..\..\USER\SRC\control.c(162): error:  #20: identifier "Target_P" is undefined
..\..\USER\SRC\control.c(169): error:  #20: identifier "Target_P" is undefined
..\..\USER\SRC\control.c(169): error:  #20: identifier "Measure_P" is undefined
..\..\USER\SRC\control.c(173): error:  #20: identifier "Target_P" is undefined
..\..\USER\SRC\control.c(173): error:  #20: identifier "Measure_P" is undefined
..\..\USER\SRC\control.c(183): error:  #20: identifier "Measure_P" is undefined
..\..\USER\SRC\control.c(185): error:  #20: identifier "Target_P" is undefined
..\..\USER\SRC\control.c(192): error:  #20: identifier "Target_P" is undefined
..\..\USER\SRC\control.c(192): error:  #20: identifier "Measure_P" is undefined
..\..\USER\SRC\control.c(196): error:  #20: identifier "Target_P" is undefined
..\..\USER\SRC\control.c(196): error:  #20: identifier "Measure_P" is undefined
..\..\USER\SRC\control.c(206): error:  #20: identifier "Measure_P" is undefined
..\..\USER\SRC\control.c(208): error:  #20: identifier "Target_P" is undefined
..\..\USER\SRC\control.c(215): error:  #20: identifier "Target_P" is undefined
compiling decoder.c...
..\..\USER\SRC\decoder.c(80): error:  #20: identifier "tmp" is undefined
Target not created
Build target 'RDN_V1.0'
compiling main.c...
..\..\USER\SRC\main.c(152): warning:  #223-D: function "Adherent_Detect" declared implicitly
..\..\USER\SRC\main.c(160): warning:  #223-D: function "Temperature_Control" declared implicitly
..\..\USER\SRC\main.c(165): warning:  #223-D: function "Power_Control" declared implicitly
..\..\USER\SRC\main.c(179): warning:  #223-D: function "LCD_Flush" declared implicitly
compiling stm32f10x_it.c...
..\..\USER\SRC\stm32f10x_it.c(212): error:  #20: identifier "treat_tm" is undefined
..\..\USER\SRC\stm32f10x_it.c(258): error:  #20: identifier "start_f" is undefined
compiling control.c...
..\..\USER\SRC\control.c(20): warning:  #223-D: function "MAX186_ChannleN" declared implicitly
..\..\USER\SRC\control.c(27): warning:  #223-D: function "MAX186_ChannleN" declared implicitly
..\..\USER\SRC\control.c(29): error:  #29: expected an expression
..\..\USER\SRC\control.c(32): error:  #20: identifier "Measure_P_Float" is undefined
..\..\USER\SRC\control.c(33): error:  #20: identifier "Measure_R_Float" is undefined
..\..\USER\SRC\control.c(53): error:  #20: identifier "Measure_W_Float" is undefined
..\..\USER\SRC\control.c(46): warning:  #177-D: variable "WM_V" was declared but never referenced
..\..\USER\SRC\control.c(68): warning:  #223-D: function "Adjust_P" declared implicitly
..\..\USER\SRC\control.c(68): error:  #20: identifier "Measure_P_Float" is undefined
..\..\USER\SRC\control.c(68): error:  #20: identifier "Set_P" is undefined
..\..\USER\SRC\control.c(84): warning:  #223-D: function "Adjust_T" declared implicitly
..\..\USER\SRC\control.c(84): error:  #20: identifier "Measure_W_Float" is undefined
..\..\USER\SRC\control.c(84): error:  #20: identifier "W_Set_Val" is undefined
..\..\USER\SRC\control.c(85): warning:  #223-D: function "Adjust_P" declared implicitly
..\..\USER\SRC\control.c(85): error:  #20: identifier "Measure_P" is undefined
..\..\USER\SRC\control.c(85): error:  #20: identifier "Target_P" is undefined
..\..\USER\SRC\control.c(101): error:  #159: declaration is incompatible with previous "Adjust_P" (declared at line 68)
..\..\USER\SRC\control.c(114): warning:  #223-D: function "AD5231_Write_RDAC" declared implicitly
..\..\USER\SRC\control.c(124): warning:  #223-D: function "AD5231_Write_RDAC" declared implicitly
..\..\USER\SRC\control.c(103): warning:  #177-D: variable "j" was declared but never referenced
..\..\USER\SRC\control.c(136): error:  #159: declaration is incompatible with previous "Adjust_T" (declared at line 84)
..\..\USER\SRC\control.c(149): error:  #20: identifier "Measure_P" is undefined
..\..\USER\SRC\control.c(151): error:  #20: identifier "Target_P" is undefined
..\..\USER\SRC\control.c(160): error:  #20: identifier "Measure_P" is undefined
..\..\USER\SRC\control.c(162): error:  #20: identifier "Target_P" is undefined
..\..\USER\SRC\control.c(169): error:  #20: identifier "Target_P" is undefined
..\..\USER\SRC\control.c(169): error:  #20: identifier "Measure_P" is undefined
..\..\USER\SRC\control.c(173): error:  #20: identifier "Target_P" is undefined
..\..\USER\SRC\control.c(173): error:  #20: identifier "Measure_P" is undefined
..\..\USER\SRC\control.c(183): error:  #20: identifier "Measure_P" is undefined
..\..\USER\SRC\control.c(185): error:  #20: identifier "Target_P" is undefined
..\..\USER\SRC\control.c(192): error:  #20: identifier "Target_P" is undefined
..\..\USER\SRC\control.c(192): error:  #20: identifier "Measure_P" is undefined
..\..\USER\SRC\control.c(196): error:  #20: identifier "Target_P" is undefined
..\..\USER\SRC\control.c(196): error:  #20: identifier "Measure_P" is undefined
..\..\USER\SRC\control.c(206): error:  #20: identifier "Measure_P" is undefined
..\..\USER\SRC\control.c(208): error:  #20: identifier "Target_P" is undefined
..\..\USER\SRC\control.c(215): error:  #20: identifier "Target_P" is undefined
..\..\USER\SRC\control.c(215): error:  #20: identifier "Measure_P" is undefined
compiling decoder.c...
..\..\USER\SRC\decoder.c(80): error:  #20: identifier "tmp" is undefined
Target not created
Build target 'RDN_V1.0'
compiling stm32f10x_it.c...
..\..\USER\SRC\stm32f10x_it.c(212): error:  #20: identifier "treat_tm" is undefined
..\..\USER\SRC\stm32f10x_it.c(258): error:  #20: identifier "start_f" is undefined
compiling control.c...
..\..\USER\SRC\control.c(20): warning:  #223-D: function "MAX186_ChannleN" declared implicitly
..\..\USER\SRC\control.c(27): warning:  #223-D: function "MAX186_ChannleN" declared implicitly
..\..\USER\SRC\control.c(29): error:  #29: expected an expression
..\..\USER\SRC\control.c(32): error:  #20: identifier "Measure_P_Float" is undefined
..\..\USER\SRC\control.c(33): error:  #20: identifier "Measure_R_Float" is undefined
..\..\USER\SRC\control.c(53): error:  #20: identifier "Measure_W_Float" is undefined
..\..\USER\SRC\control.c(46): warning:  #177-D: variable "WM_V" was declared but never referenced
..\..\USER\SRC\control.c(68): warning:  #223-D: function "Adjust_P" declared implicitly
..\..\USER\SRC\control.c(68): error:  #20: identifier "Measure_P_Float" is undefined
..\..\USER\SRC\control.c(68): error:  #20: identifier "Set_P" is undefined
..\..\USER\SRC\control.c(84): warning:  #223-D: function "Adjust_T" declared implicitly
..\..\USER\SRC\control.c(84): error:  #20: identifier "Measure_W_Float" is undefined
..\..\USER\SRC\control.c(84): error:  #20: identifier "W_Set_Val" is undefined
..\..\USER\SRC\control.c(85): warning:  #223-D: function "Adjust_P" declared implicitly
..\..\USER\SRC\control.c(85): error:  #20: identifier "Measure_P" is undefined
..\..\USER\SRC\control.c(85): error:  #20: identifier "Target_P" is undefined
..\..\USER\SRC\control.c(101): error:  #159: declaration is incompatible with previous "Adjust_P" (declared at line 68)
..\..\USER\SRC\control.c(114): warning:  #223-D: function "AD5231_Write_RDAC" declared implicitly
..\..\USER\SRC\control.c(124): warning:  #223-D: function "AD5231_Write_RDAC" declared implicitly
..\..\USER\SRC\control.c(103): warning:  #177-D: variable "j" was declared but never referenced
..\..\USER\SRC\control.c(136): error:  #159: declaration is incompatible with previous "Adjust_T" (declared at line 84)
..\..\USER\SRC\control.c(141): error:  #20: identifier "Set" is undefined
..\..\USER\SRC\control.c(141): error:  #20: identifier "Measure" is undefined
..\..\USER\SRC\control.c(149): error:  #20: identifier "Measure_P" is undefined
..\..\USER\SRC\control.c(151): error:  #20: identifier "Target_P" is undefined
..\..\USER\SRC\control.c(160): error:  #20: identifier "Measure_P" is undefined
..\..\USER\SRC\control.c(162): error:  #20: identifier "Target_P" is undefined
..\..\USER\SRC\control.c(169): error:  #20: identifier "Target_P" is undefined
..\..\USER\SRC\control.c(169): error:  #20: identifier "Measure_P" is undefined
..\..\USER\SRC\control.c(173): error:  #20: identifier "Target_P" is undefined
..\..\USER\SRC\control.c(173): error:  #20: identifier "Measure_P" is undefined
..\..\USER\SRC\control.c(183): error:  #20: identifier "Measure_P" is undefined
..\..\USER\SRC\control.c(185): error:  #20: identifier "Target_P" is undefined
..\..\USER\SRC\control.c(192): error:  #20: identifier "Target_P" is undefined
..\..\USER\SRC\control.c(192): error:  #20: identifier "Measure_P" is undefined
..\..\USER\SRC\control.c(196): error:  #20: identifier "Target_P" is undefined
..\..\USER\SRC\control.c(196): error:  #20: identifier "Measure_P" is undefined
..\..\USER\SRC\control.c(206): error:  #20: identifier "Measure_P" is undefined
..\..\USER\SRC\control.c(208): error:  #20: identifier "Target_P" is undefined
compiling decoder.c...
..\..\USER\SRC\decoder.c(80): error:  #20: identifier "tmp" is undefined
Target not created
Build target 'RDN_V1.0'
compiling stm32f10x_it.c...
..\..\USER\SRC\stm32f10x_it.c(212): error:  #20: identifier "treat_tm" is undefined
..\..\USER\SRC\stm32f10x_it.c(258): error:  #20: identifier "start_f" is undefined
compiling control.c...
..\..\USER\SRC\control.c(20): warning:  #223-D: function "MAX186_ChannleN" declared implicitly
..\..\USER\SRC\control.c(27): warning:  #223-D: function "MAX186_ChannleN" declared implicitly
..\..\USER\SRC\control.c(29): error:  #29: expected an expression
..\..\USER\SRC\control.c(32): error:  #20: identifier "Measure_P_Float" is undefined
..\..\USER\SRC\control.c(33): error:  #20: identifier "Measure_R_Float" is undefined
..\..\USER\SRC\control.c(53): error:  #20: identifier "Measure_W_Float" is undefined
..\..\USER\SRC\control.c(46): warning:  #177-D: variable "WM_V" was declared but never referenced
..\..\USER\SRC\control.c(68): warning:  #223-D: function "Adjust_P" declared implicitly
..\..\USER\SRC\control.c(68): error:  #20: identifier "Measure_P_Float" is undefined
..\..\USER\SRC\control.c(68): error:  #20: identifier "Set_P" is undefined
..\..\USER\SRC\control.c(84): warning:  #223-D: function "Adjust_T" declared implicitly
..\..\USER\SRC\control.c(84): error:  #20: identifier "Measure_W_Float" is undefined
..\..\USER\SRC\control.c(84): error:  #20: identifier "W_Set_Val" is undefined
..\..\USER\SRC\control.c(85): warning:  #223-D: function "Adjust_P" declared implicitly
..\..\USER\SRC\control.c(85): error:  #20: identifier "Measure_P" is undefined
..\..\USER\SRC\control.c(85): error:  #20: identifier "Target_P" is undefined
..\..\USER\SRC\control.c(101): error:  #159: declaration is incompatible with previous "Adjust_P" (declared at line 68)
..\..\USER\SRC\control.c(114): warning:  #223-D: function "AD5231_Write_RDAC" declared implicitly
..\..\USER\SRC\control.c(124): warning:  #223-D: function "AD5231_Write_RDAC" declared implicitly
..\..\USER\SRC\control.c(103): warning:  #177-D: variable "j" was declared but never referenced
..\..\USER\SRC\control.c(136): error:  #159: declaration is incompatible with previous "Adjust_T" (declared at line 84)
..\..\USER\SRC\control.c(149): error:  #20: identifier "Measure_P" is undefined
..\..\USER\SRC\control.c(151): error:  #20: identifier "Target_P" is undefined
..\..\USER\SRC\control.c(160): error:  #20: identifier "Measure_P" is undefined
..\..\USER\SRC\control.c(162): error:  #20: identifier "Target_P" is undefined
..\..\USER\SRC\control.c(169): error:  #20: identifier "Target_P" is undefined
..\..\USER\SRC\control.c(169): error:  #20: identifier "Measure_P" is undefined
..\..\USER\SRC\control.c(173): error:  #20: identifier "Target_P" is undefined
..\..\USER\SRC\control.c(173): error:  #20: identifier "Measure_P" is undefined
..\..\USER\SRC\control.c(183): error:  #20: identifier "Measure_P" is undefined
..\..\USER\SRC\control.c(185): error:  #20: identifier "Target_P" is undefined
..\..\USER\SRC\control.c(192): error:  #20: identifier "Target_P" is undefined
..\..\USER\SRC\control.c(192): error:  #20: identifier "Measure_P" is undefined
..\..\USER\SRC\control.c(196): error:  #20: identifier "Target_P" is undefined
..\..\USER\SRC\control.c(196): error:  #20: identifier "Measure_P" is undefined
..\..\USER\SRC\control.c(206): error:  #20: identifier "Measure_P" is undefined
..\..\USER\SRC\control.c(208): error:  #20: identifier "Target_P" is undefined
..\..\USER\SRC\control.c(215): error:  #20: identifier "Target_P" is undefined
..\..\USER\SRC\control.c(215): error:  #20: identifier "Measure_P" is undefined
compiling decoder.c...
..\..\USER\SRC\decoder.c(80): error:  #20: identifier "tmp" is undefined
Target not created
Build target 'RDN_V1.0'
compiling stm32f10x_it.c...
..\..\USER\SRC\stm32f10x_it.c(212): error:  #20: identifier "treat_tm" is undefined
..\..\USER\SRC\stm32f10x_it.c(258): error:  #20: identifier "start_f" is undefined
compiling control.c...
..\..\USER\SRC\control.c(20): warning:  #223-D: function "MAX186_ChannleN" declared implicitly
..\..\USER\SRC\control.c(27): warning:  #223-D: function "MAX186_ChannleN" declared implicitly
..\..\USER\SRC\control.c(29): error:  #29: expected an expression
..\..\USER\SRC\control.c(32): error:  #20: identifier "Measure_P_Float" is undefined
..\..\USER\SRC\control.c(33): error:  #20: identifier "Measure_R_Float" is undefined
..\..\USER\SRC\control.c(53): error:  #20: identifier "Measure_W_Float" is undefined
..\..\USER\SRC\control.c(46): warning:  #177-D: variable "WM_V" was declared but never referenced
..\..\USER\SRC\control.c(68): warning:  #223-D: function "Adjust_P" declared implicitly
..\..\USER\SRC\control.c(68): error:  #20: identifier "Measure_P_Float" is undefined
..\..\USER\SRC\control.c(68): error:  #20: identifier "Set_P" is undefined
..\..\USER\SRC\control.c(84): warning:  #223-D: function "Adjust_T" declared implicitly
..\..\USER\SRC\control.c(84): error:  #20: identifier "Measure_W_Float" is undefined
..\..\USER\SRC\control.c(84): error:  #20: identifier "W_Set_Val" is undefined
..\..\USER\SRC\control.c(85): warning:  #223-D: function "Adjust_P" declared implicitly
..\..\USER\SRC\control.c(85): error:  #20: identifier "Measure_P" is undefined
..\..\USER\SRC\control.c(101): error:  #159: declaration is incompatible with previous "Adjust_P" (declared at line 68)
..\..\USER\SRC\control.c(114): warning:  #223-D: function "AD5231_Write_RDAC" declared implicitly
..\..\USER\SRC\control.c(124): warning:  #223-D: function "AD5231_Write_RDAC" declared implicitly
..\..\USER\SRC\control.c(103): warning:  #177-D: variable "j" was declared but never referenced
..\..\USER\SRC\control.c(136): error:  #159: declaration is incompatible with previous "Adjust_T" (declared at line 84)
..\..\USER\SRC\control.c(149): error:  #20: identifier "Measure_P" is undefined
..\..\USER\SRC\control.c(160): error:  #20: identifier "Measure_P" is undefined
..\..\USER\SRC\control.c(169): error:  #20: identifier "Measure_P" is undefined
..\..\USER\SRC\control.c(173): error:  #20: identifier "Measure_P" is undefined
..\..\USER\SRC\control.c(183): error:  #20: identifier "Measure_P" is undefined
..\..\USER\SRC\control.c(192): error:  #20: identifier "Measure_P" is undefined
..\..\USER\SRC\control.c(196): error:  #20: identifier "Measure_P" is undefined
..\..\USER\SRC\control.c(206): error:  #20: identifier "Measure_P" is undefined
..\..\USER\SRC\control.c(215): error:  #20: identifier "Measure_P" is undefined
..\..\USER\SRC\control.c(219): error:  #20: identifier "Measure_P" is undefined
..\..\USER\SRC\control.c(227): error:  #20: identifier "Measure_P" is undefined
..\..\USER\SRC\control.c(236): error:  #20: identifier "Measure_P" is undefined
..\..\USER\SRC\control.c(240): error:  #20: identifier "Measure_P" is undefined
..\..\USER\SRC\control.c(249): error:  #20: identifier "Measure" is undefined
..\..\USER\SRC\control.c(251): error:  #20: identifier "Set_P" is undefined
compiling decoder.c...
..\..\USER\SRC\decoder.c(80): error:  #20: identifier "tmp" is undefined
Target not created
Build target 'RDN_V1.0'
compiling stm32f10x_it.c...
..\..\USER\SRC\stm32f10x_it.c(212): error:  #20: identifier "treat_tm" is undefined
..\..\USER\SRC\stm32f10x_it.c(258): error:  #20: identifier "start_f" is undefined
compiling control.c...
..\..\USER\SRC\control.c(20): warning:  #223-D: function "MAX186_ChannleN" declared implicitly
..\..\USER\SRC\control.c(27): warning:  #223-D: function "MAX186_ChannleN" declared implicitly
..\..\USER\SRC\control.c(29): error:  #29: expected an expression
..\..\USER\SRC\control.c(32): error:  #20: identifier "Measure_P_Float" is undefined
..\..\USER\SRC\control.c(33): error:  #20: identifier "Measure_R_Float" is undefined
..\..\USER\SRC\control.c(53): error:  #20: identifier "Measure_W_Float" is undefined
..\..\USER\SRC\control.c(46): warning:  #177-D: variable "WM_V" was declared but never referenced
..\..\USER\SRC\control.c(68): warning:  #223-D: function "Adjust_P" declared implicitly
..\..\USER\SRC\control.c(68): error:  #20: identifier "Measure_P_Float" is undefined
..\..\USER\SRC\control.c(68): error:  #20: identifier "Set_P" is undefined
..\..\USER\SRC\control.c(84): warning:  #223-D: function "Adjust_T" declared implicitly
..\..\USER\SRC\control.c(84): error:  #20: identifier "Measure_W_Float" is undefined
..\..\USER\SRC\control.c(84): error:  #20: identifier "W_Set_Val" is undefined
..\..\USER\SRC\control.c(85): warning:  #223-D: function "Adjust_P" declared implicitly
..\..\USER\SRC\control.c(85): error:  #20: identifier "Measure_P" is undefined
..\..\USER\SRC\control.c(101): error:  #159: declaration is incompatible with previous "Adjust_P" (declared at line 68)
..\..\USER\SRC\control.c(114): warning:  #223-D: function "AD5231_Write_RDAC" declared implicitly
..\..\USER\SRC\control.c(124): warning:  #223-D: function "AD5231_Write_RDAC" declared implicitly
..\..\USER\SRC\control.c(103): warning:  #177-D: variable "j" was declared but never referenced
..\..\USER\SRC\control.c(136): error:  #159: declaration is incompatible with previous "Adjust_T" (declared at line 84)
..\..\USER\SRC\control.c(149): error:  #20: identifier "Measure_P" is undefined
..\..\USER\SRC\control.c(160): error:  #20: identifier "Measure_P" is undefined
..\..\USER\SRC\control.c(169): error:  #20: identifier "Measure_P" is undefined
..\..\USER\SRC\control.c(173): error:  #20: identifier "Measure_P" is undefined
..\..\USER\SRC\control.c(183): error:  #20: identifier "Measure_P" is undefined
..\..\USER\SRC\control.c(192): error:  #20: identifier "Measure_P" is undefined
..\..\USER\SRC\control.c(196): error:  #20: identifier "Measure_P" is undefined
..\..\USER\SRC\control.c(206): error:  #20: identifier "Measure_P" is undefined
..\..\USER\SRC\control.c(215): error:  #20: identifier "Measure_P" is undefined
..\..\USER\SRC\control.c(219): error:  #20: identifier "Measure_P" is undefined
..\..\USER\SRC\control.c(227): error:  #20: identifier "Measure_P" is undefined
..\..\USER\SRC\control.c(236): error:  #20: identifier "Measure_P" is undefined
..\..\USER\SRC\control.c(240): error:  #20: identifier "Measure_P" is undefined
..\..\USER\SRC\control.c(249): error:  #20: identifier "Measure" is undefined
..\..\USER\SRC\control.c(251): error:  #20: identifier "Set_P_Val" is undefined
..\..\USER\SRC\control.c(253): error:  #20: identifier "Set_P" is undefined
compiling decoder.c...
..\..\USER\SRC\decoder.c(80): error:  #20: identifier "tmp" is undefined
Target not created
Build target 'RDN_V1.0'
compiling stm32f10x_it.c...
..\..\USER\SRC\stm32f10x_it.c(212): error:  #20: identifier "treat_tm" is undefined
..\..\USER\SRC\stm32f10x_it.c(258): error:  #20: identifier "start_f" is undefined
compiling control.c...
..\..\USER\SRC\control.c(20): warning:  #223-D: function "MAX186_ChannleN" declared implicitly
..\..\USER\SRC\control.c(27): warning:  #223-D: function "MAX186_ChannleN" declared implicitly
..\..\USER\SRC\control.c(29): error:  #29: expected an expression
..\..\USER\SRC\control.c(32): error:  #20: identifier "Measure_P_Float" is undefined
..\..\USER\SRC\control.c(33): error:  #20: identifier "Measure_R_Float" is undefined
..\..\USER\SRC\control.c(53): error:  #20: identifier "Measure_W_Float" is undefined
..\..\USER\SRC\control.c(46): warning:  #177-D: variable "WM_V" was declared but never referenced
..\..\USER\SRC\control.c(68): warning:  #223-D: function "Adjust_P" declared implicitly
..\..\USER\SRC\control.c(68): error:  #20: identifier "Measure_P_Float" is undefined
..\..\USER\SRC\control.c(68): error:  #20: identifier "Set_P" is undefined
..\..\USER\SRC\control.c(84): warning:  #223-D: function "Adjust_T" declared implicitly
..\..\USER\SRC\control.c(84): error:  #20: identifier "Measure_W_Float" is undefined
..\..\USER\SRC\control.c(84): error:  #20: identifier "W_Set_Val" is undefined
..\..\USER\SRC\control.c(85): warning:  #223-D: function "Adjust_P" declared implicitly
..\..\USER\SRC\control.c(85): error:  #20: identifier "Measure_P" is undefined
..\..\USER\SRC\control.c(101): error:  #159: declaration is incompatible with previous "Adjust_P" (declared at line 68)
..\..\USER\SRC\control.c(114): warning:  #223-D: function "AD5231_Write_RDAC" declared implicitly
..\..\USER\SRC\control.c(124): warning:  #223-D: function "AD5231_Write_RDAC" declared implicitly
..\..\USER\SRC\control.c(103): warning:  #177-D: variable "j" was declared but never referenced
..\..\USER\SRC\control.c(136): error:  #159: declaration is incompatible with previous "Adjust_T" (declared at line 84)
..\..\USER\SRC\control.c(149): error:  #20: identifier "Measure_P" is undefined
..\..\USER\SRC\control.c(160): error:  #20: identifier "Measure_P" is undefined
..\..\USER\SRC\control.c(169): error:  #20: identifier "Measure_P" is undefined
..\..\USER\SRC\control.c(173): error:  #20: identifier "Measure_P" is undefined
..\..\USER\SRC\control.c(183): error:  #20: identifier "Measure_P" is undefined
..\..\USER\SRC\control.c(192): error:  #20: identifier "Measure_P" is undefined
..\..\USER\SRC\control.c(196): error:  #20: identifier "Measure_P" is undefined
..\..\USER\SRC\control.c(206): error:  #20: identifier "Measure_P" is undefined
..\..\USER\SRC\control.c(215): error:  #20: identifier "Measure_P" is undefined
..\..\USER\SRC\control.c(219): error:  #20: identifier "Measure_P" is undefined
..\..\USER\SRC\control.c(227): error:  #20: identifier "Measure_P" is undefined
..\..\USER\SRC\control.c(236): error:  #20: identifier "Measure_P" is undefined
..\..\USER\SRC\control.c(240): error:  #20: identifier "Measure_P" is undefined
..\..\USER\SRC\control.c(249): error:  #20: identifier "Measure" is undefined
..\..\USER\SRC\control.c(251): error:  #20: identifier "Set_P_Val" is undefined
compiling decoder.c...
..\..\USER\SRC\decoder.c(80): error:  #20: identifier "tmp" is undefined
Target not created
Build target 'RDN_V1.0'
compiling stm32f10x_it.c...
..\..\USER\SRC\stm32f10x_it.c(212): error:  #20: identifier "treat_tm" is undefined
..\..\USER\SRC\stm32f10x_it.c(258): error:  #20: identifier "start_f" is undefined
compiling control.c...
..\..\USER\SRC\control.c(20): warning:  #223-D: function "MAX186_ChannleN" declared implicitly
..\..\USER\SRC\control.c(27): warning:  #223-D: function "MAX186_ChannleN" declared implicitly
..\..\USER\SRC\control.c(29): error:  #29: expected an expression
..\..\USER\SRC\control.c(32): error:  #20: identifier "Measure_P_Float" is undefined
..\..\USER\SRC\control.c(33): error:  #20: identifier "Measure_R_Float" is undefined
..\..\USER\SRC\control.c(53): error:  #20: identifier "Measure_W_Float" is undefined
..\..\USER\SRC\control.c(46): warning:  #177-D: variable "WM_V" was declared but never referenced
..\..\USER\SRC\control.c(68): warning:  #223-D: function "Adjust_P" declared implicitly
..\..\USER\SRC\control.c(68): error:  #20: identifier "Measure_P_Float" is undefined
..\..\USER\SRC\control.c(68): error:  #20: identifier "Set_P" is undefined
..\..\USER\SRC\control.c(84): warning:  #223-D: function "Adjust_T" declared implicitly
..\..\USER\SRC\control.c(84): error:  #20: identifier "Measure_W_Float" is undefined
..\..\USER\SRC\control.c(84): error:  #20: identifier "W_Set_Val" is undefined
..\..\USER\SRC\control.c(85): warning:  #223-D: function "Adjust_P" declared implicitly
..\..\USER\SRC\control.c(85): error:  #20: identifier "Measure_P" is undefined
..\..\USER\SRC\control.c(101): error:  #159: declaration is incompatible with previous "Adjust_P" (declared at line 68)
..\..\USER\SRC\control.c(114): warning:  #223-D: function "AD5231_Write_RDAC" declared implicitly
..\..\USER\SRC\control.c(124): warning:  #223-D: function "AD5231_Write_RDAC" declared implicitly
..\..\USER\SRC\control.c(103): warning:  #177-D: variable "j" was declared but never referenced
..\..\USER\SRC\control.c(136): error:  #159: declaration is incompatible with previous "Adjust_T" (declared at line 84)
..\..\USER\SRC\control.c(149): error:  #20: identifier "Measure_P" is undefined
..\..\USER\SRC\control.c(160): error:  #20: identifier "Measure_P" is undefined
..\..\USER\SRC\control.c(169): error:  #20: identifier "Measure_P" is undefined
..\..\USER\SRC\control.c(173): error:  #20: identifier "Measure_P" is undefined
..\..\USER\SRC\control.c(183): error:  #20: identifier "Measure_P" is undefined
..\..\USER\SRC\control.c(192): error:  #20: identifier "Measure_P" is undefined
..\..\USER\SRC\control.c(196): error:  #20: identifier "Measure_P" is undefined
..\..\USER\SRC\control.c(206): error:  #20: identifier "Measure_P" is undefined
..\..\USER\SRC\control.c(215): error:  #20: identifier "Measure_P" is undefined
..\..\USER\SRC\control.c(219): error:  #20: identifier "Measure_P" is undefined
..\..\USER\SRC\control.c(227): error:  #20: identifier "Measure_P" is undefined
..\..\USER\SRC\control.c(236): error:  #20: identifier "Measure_P" is undefined
..\..\USER\SRC\control.c(240): error:  #20: identifier "Measure_P" is undefined
..\..\USER\SRC\control.c(249): error:  #20: identifier "Measure" is undefined
..\..\USER\SRC\control.c(251): error:  #20: identifier "P_Set_Val" is undefined
compiling decoder.c...
..\..\USER\SRC\decoder.c(80): error:  #20: identifier "tmp" is undefined
Target not created
Build target 'RDN_V1.0'
compiling stm32f10x_it.c...
..\..\USER\SRC\stm32f10x_it.c(212): error:  #20: identifier "treat_tm" is undefined
..\..\USER\SRC\stm32f10x_it.c(258): error:  #20: identifier "start_f" is undefined
compiling control.c...
..\..\USER\SRC\control.c(20): warning:  #223-D: function "MAX186_ChannleN" declared implicitly
..\..\USER\SRC\control.c(27): warning:  #223-D: function "MAX186_ChannleN" declared implicitly
..\..\USER\SRC\control.c(29): error:  #29: expected an expression
..\..\USER\SRC\control.c(32): error:  #20: identifier "Measure_P_Float" is undefined
..\..\USER\SRC\control.c(33): error:  #20: identifier "Measure_R_Float" is undefined
..\..\USER\SRC\control.c(53): error:  #20: identifier "Measure_W_Float" is undefined
..\..\USER\SRC\control.c(46): warning:  #177-D: variable "WM_V" was declared but never referenced
..\..\USER\SRC\control.c(68): warning:  #223-D: function "Adjust_P" declared implicitly
..\..\USER\SRC\control.c(68): error:  #20: identifier "Measure_P_Float" is undefined
..\..\USER\SRC\control.c(68): error:  #20: identifier "Set_P" is undefined
..\..\USER\SRC\control.c(84): warning:  #223-D: function "Adjust_T" declared implicitly
..\..\USER\SRC\control.c(84): error:  #20: identifier "Measure_W_Float" is undefined
..\..\USER\SRC\control.c(84): error:  #20: identifier "W_Set_Val" is undefined
..\..\USER\SRC\control.c(85): warning:  #223-D: function "Adjust_P" declared implicitly
..\..\USER\SRC\control.c(85): error:  #20: identifier "Measure_P" is undefined
..\..\USER\SRC\control.c(101): error:  #159: declaration is incompatible with previous "Adjust_P" (declared at line 68)
..\..\USER\SRC\control.c(114): warning:  #223-D: function "AD5231_Write_RDAC" declared implicitly
..\..\USER\SRC\control.c(124): warning:  #223-D: function "AD5231_Write_RDAC" declared implicitly
..\..\USER\SRC\control.c(103): warning:  #177-D: variable "j" was declared but never referenced
..\..\USER\SRC\control.c(136): error:  #159: declaration is incompatible with previous "Adjust_T" (declared at line 84)
..\..\USER\SRC\control.c(149): error:  #20: identifier "Measure_P" is undefined
..\..\USER\SRC\control.c(160): error:  #20: identifier "Measure_P" is undefined
..\..\USER\SRC\control.c(169): error:  #20: identifier "Measure_P" is undefined
..\..\USER\SRC\control.c(173): error:  #20: identifier "Measure_P" is undefined
..\..\USER\SRC\control.c(183): error:  #20: identifier "Measure_P" is undefined
..\..\USER\SRC\control.c(192): error:  #20: identifier "Measure_P" is undefined
..\..\USER\SRC\control.c(196): error:  #20: identifier "Measure_P" is undefined
..\..\USER\SRC\control.c(206): error:  #20: identifier "Measure_P" is undefined
..\..\USER\SRC\control.c(215): error:  #20: identifier "Measure_P" is undefined
..\..\USER\SRC\control.c(219): error:  #20: identifier "Measure_P" is undefined
..\..\USER\SRC\control.c(227): error:  #20: identifier "Measure_P" is undefined
..\..\USER\SRC\control.c(236): error:  #20: identifier "Measure_P" is undefined
..\..\USER\SRC\control.c(240): error:  #20: identifier "Measure_P" is undefined
..\..\USER\SRC\control.c(251): error:  #20: identifier "P_Set_Val" is undefined
compiling decoder.c...
..\..\USER\SRC\decoder.c(80): error:  #20: identifier "tmp" is undefined
Target not created
Build target 'RDN_V1.0'
compiling stm32f10x_it.c...
..\..\USER\SRC\stm32f10x_it.c(212): error:  #20: identifier "treat_tm" is undefined
..\..\USER\SRC\stm32f10x_it.c(258): error:  #20: identifier "start_f" is undefined
compiling control.c...
..\..\USER\SRC\control.c(20): warning:  #223-D: function "MAX186_ChannleN" declared implicitly
..\..\USER\SRC\control.c(27): warning:  #223-D: function "MAX186_ChannleN" declared implicitly
..\..\USER\SRC\control.c(29): error:  #29: expected an expression
..\..\USER\SRC\control.c(32): error:  #20: identifier "Measure_P_Float" is undefined
..\..\USER\SRC\control.c(33): error:  #20: identifier "Measure_R_Float" is undefined
..\..\USER\SRC\control.c(53): error:  #20: identifier "Measure_W_Float" is undefined
..\..\USER\SRC\control.c(46): warning:  #177-D: variable "WM_V" was declared but never referenced
..\..\USER\SRC\control.c(68): warning:  #223-D: function "Adjust_P" declared implicitly
..\..\USER\SRC\control.c(68): error:  #20: identifier "Measure_P_Float" is undefined
..\..\USER\SRC\control.c(68): error:  #20: identifier "Set_P" is undefined
..\..\USER\SRC\control.c(84): warning:  #223-D: function "Adjust_T" declared implicitly
..\..\USER\SRC\control.c(84): error:  #20: identifier "Measure_W_Float" is undefined
..\..\USER\SRC\control.c(84): error:  #20: identifier "W_Set_Val" is undefined
..\..\USER\SRC\control.c(85): warning:  #223-D: function "Adjust_P" declared implicitly
..\..\USER\SRC\control.c(85): error:  #20: identifier "Measure_P" is undefined
..\..\USER\SRC\control.c(101): error:  #159: declaration is incompatible with previous "Adjust_P" (declared at line 68)
..\..\USER\SRC\control.c(114): warning:  #223-D: function "AD5231_Write_RDAC" declared implicitly
..\..\USER\SRC\control.c(124): warning:  #223-D: function "AD5231_Write_RDAC" declared implicitly
..\..\USER\SRC\control.c(103): warning:  #177-D: variable "j" was declared but never referenced
..\..\USER\SRC\control.c(136): error:  #159: declaration is incompatible with previous "Adjust_T" (declared at line 84)
..\..\USER\SRC\control.c(149): error:  #20: identifier "Measure_P" is undefined
..\..\USER\SRC\control.c(160): error:  #20: identifier "Measure_P" is undefined
..\..\USER\SRC\control.c(169): error:  #20: identifier "Measure_P" is undefined
..\..\USER\SRC\control.c(173): error:  #20: identifier "Measure_P" is undefined
..\..\USER\SRC\control.c(183): error:  #20: identifier "Measure_P" is undefined
..\..\USER\SRC\control.c(192): error:  #20: identifier "Measure_P" is undefined
..\..\USER\SRC\control.c(196): error:  #20: identifier "Measure_P" is undefined
..\..\USER\SRC\control.c(206): error:  #20: identifier "Measure_P" is undefined
..\..\USER\SRC\control.c(215): error:  #20: identifier "Measure_P" is undefined
..\..\USER\SRC\control.c(219): error:  #20: identifier "Measure_P" is undefined
..\..\USER\SRC\control.c(227): error:  #20: identifier "Measure_P" is undefined
..\..\USER\SRC\control.c(236): error:  #20: identifier "Measure_P" is undefined
..\..\USER\SRC\control.c(240): error:  #20: identifier "Measure_P" is undefined
..\..\USER\SRC\control.c(251): error:  #20: identifier "P_Set_Val" is undefined
compiling decoder.c...
Target not created
Build target 'RDN_V1.0'
compiling stm32f10x_it.c...
..\..\USER\SRC\stm32f10x_it.c(212): error:  #20: identifier "treat_tm" is undefined
..\..\USER\SRC\stm32f10x_it.c(258): error:  #20: identifier "start_f" is undefined
compiling control.c...
..\..\USER\SRC\control.c(20): warning:  #223-D: function "MAX186_ChannleN" declared implicitly
..\..\USER\SRC\control.c(27): warning:  #223-D: function "MAX186_ChannleN" declared implicitly
..\..\USER\SRC\control.c(29): error:  #29: expected an expression
..\..\USER\SRC\control.c(32): error:  #20: identifier "Measure_P_Float" is undefined
..\..\USER\SRC\control.c(33): error:  #20: identifier "Measure_R_Float" is undefined
..\..\USER\SRC\control.c(53): error:  #20: identifier "Measure_W_Float" is undefined
..\..\USER\SRC\control.c(46): warning:  #177-D: variable "WM_V" was declared but never referenced
..\..\USER\SRC\control.c(68): warning:  #223-D: function "Adjust_P" declared implicitly
..\..\USER\SRC\control.c(68): error:  #20: identifier "Measure_P_Float" is undefined
..\..\USER\SRC\control.c(68): error:  #20: identifier "Set_P" is undefined
..\..\USER\SRC\control.c(84): warning:  #223-D: function "Adjust_T" declared implicitly
..\..\USER\SRC\control.c(84): error:  #20: identifier "Measure_W_Float" is undefined
..\..\USER\SRC\control.c(84): error:  #20: identifier "W_Set_Val" is undefined
..\..\USER\SRC\control.c(85): warning:  #223-D: function "Adjust_P" declared implicitly
..\..\USER\SRC\control.c(85): error:  #20: identifier "Measure_P" is undefined
..\..\USER\SRC\control.c(101): error:  #159: declaration is incompatible with previous "Adjust_P" (declared at line 68)
..\..\USER\SRC\control.c(114): warning:  #223-D: function "AD5231_Write_RDAC" declared implicitly
..\..\USER\SRC\control.c(124): warning:  #223-D: function "AD5231_Write_RDAC" declared implicitly
..\..\USER\SRC\control.c(103): warning:  #177-D: variable "j" was declared but never referenced
..\..\USER\SRC\control.c(136): error:  #159: declaration is incompatible with previous "Adjust_T" (declared at line 84)
..\..\USER\SRC\control.c(140): error:  #20: identifier "Measure_P_Float" is undefined
..\..\USER\SRC\control.c(251): error:  #20: identifier "P_Set_Val" is undefined
Target not created
Build target 'RDN_V1.0'
compiling stm32f10x_it.c...
..\..\USER\SRC\stm32f10x_it.c(258): error:  #20: identifier "start_f" is undefined
compiling control.c...
..\..\USER\SRC\control.c(20): warning:  #223-D: function "MAX186_ChannleN" declared implicitly
..\..\USER\SRC\control.c(27): warning:  #223-D: function "MAX186_ChannleN" declared implicitly
..\..\USER\SRC\control.c(29): error:  #29: expected an expression
..\..\USER\SRC\control.c(32): error:  #20: identifier "Measure_P_Float" is undefined
..\..\USER\SRC\control.c(33): error:  #20: identifier "Measure_R_Float" is undefined
..\..\USER\SRC\control.c(53): error:  #20: identifier "Measure_W_Float" is undefined
..\..\USER\SRC\control.c(46): warning:  #177-D: variable "WM_V" was declared but never referenced
..\..\USER\SRC\control.c(68): warning:  #223-D: function "Adjust_P" declared implicitly
..\..\USER\SRC\control.c(68): error:  #20: identifier "Measure_P_Float" is undefined
..\..\USER\SRC\control.c(68): error:  #20: identifier "Set_P" is undefined
..\..\USER\SRC\control.c(84): warning:  #223-D: function "Adjust_T" declared implicitly
..\..\USER\SRC\control.c(84): error:  #20: identifier "Measure_W_Float" is undefined
..\..\USER\SRC\control.c(84): error:  #20: identifier "W_Set_Val" is undefined
..\..\USER\SRC\control.c(85): warning:  #223-D: function "Adjust_P" declared implicitly
..\..\USER\SRC\control.c(85): error:  #20: identifier "Measure_P" is undefined
..\..\USER\SRC\control.c(101): error:  #159: declaration is incompatible with previous "Adjust_P" (declared at line 68)
..\..\USER\SRC\control.c(114): warning:  #223-D: function "AD5231_Write_RDAC" declared implicitly
..\..\USER\SRC\control.c(124): warning:  #223-D: function "AD5231_Write_RDAC" declared implicitly
..\..\USER\SRC\control.c(103): warning:  #177-D: variable "j" was declared but never referenced
..\..\USER\SRC\control.c(136): error:  #159: declaration is incompatible with previous "Adjust_T" (declared at line 84)
..\..\USER\SRC\control.c(140): error:  #20: identifier "Measure_P_Float" is undefined
..\..\USER\SRC\control.c(251): error:  #20: identifier "P_Set_Val" is undefined
Target not created
Build target 'RDN_V1.0'
compiling stm32f10x_it.c...
compiling control.c...
..\..\USER\SRC\control.c(20): warning:  #223-D: function "MAX186_ChannleN" declared implicitly
..\..\USER\SRC\control.c(27): warning:  #223-D: function "MAX186_ChannleN" declared implicitly
..\..\USER\SRC\control.c(29): error:  #29: expected an expression
..\..\USER\SRC\control.c(32): error:  #20: identifier "Measure_P_Float" is undefined
..\..\USER\SRC\control.c(33): error:  #20: identifier "Measure_R_Float" is undefined
..\..\USER\SRC\control.c(53): error:  #20: identifier "Measure_W_Float" is undefined
..\..\USER\SRC\control.c(46): warning:  #177-D: variable "WM_V" was declared but never referenced
..\..\USER\SRC\control.c(68): warning:  #223-D: function "Adjust_P" declared implicitly
..\..\USER\SRC\control.c(68): error:  #20: identifier "Measure_P_Float" is undefined
..\..\USER\SRC\control.c(68): error:  #20: identifier "Set_P" is undefined
..\..\USER\SRC\control.c(84): warning:  #223-D: function "Adjust_T" declared implicitly
..\..\USER\SRC\control.c(84): error:  #20: identifier "Measure_W_Float" is undefined
..\..\USER\SRC\control.c(84): error:  #20: identifier "W_Set_Val" is undefined
..\..\USER\SRC\control.c(85): warning:  #223-D: function "Adjust_P" declared implicitly
..\..\USER\SRC\control.c(85): error:  #20: identifier "Measure_P" is undefined
..\..\USER\SRC\control.c(101): error:  #159: declaration is incompatible with previous "Adjust_P" (declared at line 68)
..\..\USER\SRC\control.c(114): warning:  #223-D: function "AD5231_Write_RDAC" declared implicitly
..\..\USER\SRC\control.c(124): warning:  #223-D: function "AD5231_Write_RDAC" declared implicitly
..\..\USER\SRC\control.c(103): warning:  #177-D: variable "j" was declared but never referenced
..\..\USER\SRC\control.c(136): error:  #159: declaration is incompatible with previous "Adjust_T" (declared at line 84)
..\..\USER\SRC\control.c(140): error:  #20: identifier "Measure_P_Float" is undefined
..\..\USER\SRC\control.c(251): error:  #20: identifier "P_Set_Val" is undefined
Target not created
Build target 'RDN_V1.0'
compiling control.c...
..\..\USER\SRC\control.c(29): error:  #29: expected an expression
..\..\USER\SRC\control.c(32): error:  #20: identifier "Measure_P_Float" is undefined
..\..\USER\SRC\control.c(33): error:  #20: identifier "Measure_R_Float" is undefined
..\..\USER\SRC\control.c(53): error:  #20: identifier "Measure_W_Float" is undefined
..\..\USER\SRC\control.c(46): warning:  #177-D: variable "WM_V" was declared but never referenced
..\..\USER\SRC\control.c(68): warning:  #223-D: function "Adjust_P" declared implicitly
..\..\USER\SRC\control.c(68): error:  #20: identifier "Measure_P_Float" is undefined
..\..\USER\SRC\control.c(68): error:  #20: identifier "Set_P" is undefined
..\..\USER\SRC\control.c(84): warning:  #223-D: function "Adjust_T" declared implicitly
..\..\USER\SRC\control.c(84): error:  #20: identifier "Measure_W_Float" is undefined
..\..\USER\SRC\control.c(84): error:  #20: identifier "W_Set_Val" is undefined
..\..\USER\SRC\control.c(85): warning:  #223-D: function "Adjust_P" declared implicitly
..\..\USER\SRC\control.c(85): error:  #20: identifier "Measure_P" is undefined
..\..\USER\SRC\control.c(101): error:  #159: declaration is incompatible with previous "Adjust_P" (declared at line 68)
..\..\USER\SRC\control.c(114): warning:  #223-D: function "AD5231_Write_RDAC" declared implicitly
..\..\USER\SRC\control.c(124): warning:  #223-D: function "AD5231_Write_RDAC" declared implicitly
..\..\USER\SRC\control.c(103): warning:  #177-D: variable "j" was declared but never referenced
..\..\USER\SRC\control.c(136): error:  #159: declaration is incompatible with previous "Adjust_T" (declared at line 84)
..\..\USER\SRC\control.c(140): error:  #20: identifier "Measure_P_Float" is undefined
..\..\USER\SRC\control.c(251): error:  #20: identifier "P_Set_Val" is undefined
Target not created
Build target 'RDN_V1.0'
compiling control.c...
..\..\USER\SRC\control.c(37): error:  #29: expected an expression
..\..\USER\SRC\control.c(63): warning:  #174-D: expression has no effect
..\..\USER\SRC\control.c(54): warning:  #177-D: variable "WM_V" was declared but never referenced
..\..\USER\SRC\control.c(76): warning:  #223-D: function "Adjust_P" declared implicitly
..\..\USER\SRC\control.c(76): error:  #20: identifier "Set_P" is undefined
..\..\USER\SRC\control.c(92): warning:  #223-D: function "Adjust_T" declared implicitly
..\..\USER\SRC\control.c(92): error:  #20: identifier "W_Set_Val" is undefined
..\..\USER\SRC\control.c(93): warning:  #223-D: function "Adjust_P" declared implicitly
..\..\USER\SRC\control.c(93): error:  #20: identifier "Measure_P" is undefined
..\..\USER\SRC\control.c(109): error:  #159: declaration is incompatible with previous "Adjust_P" (declared at line 76)
..\..\USER\SRC\control.c(122): warning:  #223-D: function "AD5231_Write_RDAC" declared implicitly
..\..\USER\SRC\control.c(132): warning:  #223-D: function "AD5231_Write_RDAC" declared implicitly
..\..\USER\SRC\control.c(111): warning:  #177-D: variable "j" was declared but never referenced
..\..\USER\SRC\control.c(144): error:  #159: declaration is incompatible with previous "Adjust_T" (declared at line 92)
..\..\USER\SRC\control.c(259): error:  #20: identifier "P_Set_Val" is undefined
Target not created
Build target 'RDN_V1.0'
compiling control.c...
..\..\USER\SRC\control.c(37): error:  #29: expected an expression
..\..\USER\SRC\control.c(63): warning:  #174-D: expression has no effect
..\..\USER\SRC\control.c(76): warning:  #223-D: function "Adjust_P" declared implicitly
..\..\USER\SRC\control.c(76): error:  #20: identifier "Set_P" is undefined
..\..\USER\SRC\control.c(92): warning:  #223-D: function "Adjust_T" declared implicitly
..\..\USER\SRC\control.c(92): error:  #20: identifier "W_Set_Val" is undefined
..\..\USER\SRC\control.c(93): warning:  #223-D: function "Adjust_P" declared implicitly
..\..\USER\SRC\control.c(93): error:  #20: identifier "Measure_P" is undefined
..\..\USER\SRC\control.c(109): error:  #159: declaration is incompatible with previous "Adjust_P" (declared at line 76)
..\..\USER\SRC\control.c(122): warning:  #223-D: function "AD5231_Write_RDAC" declared implicitly
..\..\USER\SRC\control.c(132): warning:  #223-D: function "AD5231_Write_RDAC" declared implicitly
..\..\USER\SRC\control.c(111): warning:  #177-D: variable "j" was declared but never referenced
..\..\USER\SRC\control.c(144): error:  #159: declaration is incompatible with previous "Adjust_T" (declared at line 92)
..\..\USER\SRC\control.c(259): error:  #20: identifier "P_Set_Val" is undefined
Target not created
Build target 'RDN_V1.0'
compiling control.c...
..\..\USER\SRC\control.c(37): error:  #29: expected an expression
..\..\USER\SRC\control.c(63): warning:  #174-D: expression has no effect
..\..\USER\SRC\control.c(76): warning:  #223-D: function "Adjust_P" declared implicitly
..\..\USER\SRC\control.c(76): error:  #20: identifier "P_Set_Val" is undefined
..\..\USER\SRC\control.c(92): warning:  #223-D: function "Adjust_T" declared implicitly
..\..\USER\SRC\control.c(92): error:  #20: identifier "W_Set_Val" is undefined
..\..\USER\SRC\control.c(93): warning:  #223-D: function "Adjust_P" declared implicitly
..\..\USER\SRC\control.c(93): error:  #20: identifier "Measure_P" is undefined
..\..\USER\SRC\control.c(109): error:  #159: declaration is incompatible with previous "Adjust_P" (declared at line 76)
..\..\USER\SRC\control.c(122): warning:  #223-D: function "AD5231_Write_RDAC" declared implicitly
..\..\USER\SRC\control.c(132): warning:  #223-D: function "AD5231_Write_RDAC" declared implicitly
..\..\USER\SRC\control.c(111): warning:  #177-D: variable "j" was declared but never referenced
..\..\USER\SRC\control.c(144): error:  #159: declaration is incompatible with previous "Adjust_T" (declared at line 92)
..\..\USER\SRC\control.c(259): error:  #20: identifier "P_Set_Val" is undefined
Target not created
Build target 'RDN_V1.0'
compiling main.c...
..\..\USER\SRC\main.c(152): warning:  #223-D: function "Adherent_Detect" declared implicitly
..\..\USER\SRC\main.c(160): warning:  #223-D: function "Temperature_Control" declared implicitly
..\..\USER\SRC\main.c(165): warning:  #223-D: function "Power_Control" declared implicitly
..\..\USER\SRC\main.c(179): warning:  #223-D: function "LCD_Flush" declared implicitly
compiling control.c...
..\..\USER\SRC\control.c(37): error:  #29: expected an expression
..\..\USER\SRC\control.c(63): warning:  #174-D: expression has no effect
..\..\USER\SRC\control.c(76): warning:  #223-D: function "Adjust_P" declared implicitly
..\..\USER\SRC\control.c(76): error:  #20: identifier "P_Set_Val" is undefined
..\..\USER\SRC\control.c(92): error:  #20: identifier "W_Set_Val" is undefined
..\..\USER\SRC\control.c(93): warning:  #223-D: function "Adjust_P" declared implicitly
..\..\USER\SRC\control.c(93): error:  #20: identifier "Measure_P" is undefined
..\..\USER\SRC\control.c(109): error:  #159: declaration is incompatible with previous "Adjust_P" (declared at line 76)
..\..\USER\SRC\control.c(122): warning:  #223-D: function "AD5231_Write_RDAC" declared implicitly
..\..\USER\SRC\control.c(132): warning:  #223-D: function "AD5231_Write_RDAC" declared implicitly
..\..\USER\SRC\control.c(111): warning:  #177-D: variable "j" was declared but never referenced
..\..\USER\SRC\control.c(259): error:  #20: identifier "P_Set_Val" is undefined
Target not created
Build target 'RDN_V1.0'
compiling main.c...
..\..\USER\SRC\main.c(160): warning:  #223-D: function "Temperature_Control" declared implicitly
..\..\USER\SRC\main.c(165): warning:  #223-D: function "Power_Control" declared implicitly
..\..\USER\SRC\main.c(179): warning:  #223-D: function "LCD_Flush" declared implicitly
compiling control.c...
..\..\USER\SRC\control.c(37): error:  #29: expected an expression
..\..\USER\SRC\control.c(63): warning:  #174-D: expression has no effect
..\..\USER\SRC\control.c(76): warning:  #223-D: function "Adjust_P" declared implicitly
..\..\USER\SRC\control.c(76): error:  #20: identifier "P_Set_Val" is undefined
..\..\USER\SRC\control.c(92): error:  #20: identifier "W_Set_Val" is undefined
..\..\USER\SRC\control.c(93): warning:  #223-D: function "Adjust_P" declared implicitly
..\..\USER\SRC\control.c(93): error:  #20: identifier "Measure_P" is undefined
..\..\USER\SRC\control.c(109): error:  #159: declaration is incompatible with previous "Adjust_P" (declared at line 76)
..\..\USER\SRC\control.c(122): warning:  #223-D: function "AD5231_Write_RDAC" declared implicitly
..\..\USER\SRC\control.c(132): warning:  #223-D: function "AD5231_Write_RDAC" declared implicitly
..\..\USER\SRC\control.c(111): warning:  #177-D: variable "j" was declared but never referenced
..\..\USER\SRC\control.c(259): error:  #20: identifier "P_Set_Val" is undefined
Target not created
Build target 'RDN_V1.0'
compiling main.c...
..\..\USER\SRC\main.c(160): error:  #165: too few arguments in function call
..\..\USER\SRC\main.c(165): error:  #165: too few arguments in function call
..\..\USER\SRC\main.c(179): warning:  #223-D: function "LCD_Flush" declared implicitly
compiling control.c...
..\..\USER\SRC\control.c(37): error:  #29: expected an expression
..\..\USER\SRC\control.c(63): warning:  #174-D: expression has no effect
..\..\USER\SRC\control.c(76): error:  #20: identifier "P_Set_Val" is undefined
..\..\USER\SRC\control.c(92): error:  #20: identifier "W_Set_Val" is undefined
..\..\USER\SRC\control.c(93): error:  #20: identifier "Measure_P" is undefined
..\..\USER\SRC\control.c(122): warning:  #223-D: function "AD5231_Write_RDAC" declared implicitly
..\..\USER\SRC\control.c(132): warning:  #223-D: function "AD5231_Write_RDAC" declared implicitly
..\..\USER\SRC\control.c(111): warning:  #177-D: variable "j" was declared but never referenced
..\..\USER\SRC\control.c(259): error:  #20: identifier "P_Set_Val" is undefined
Target not created
Build target 'RDN_V1.0'
compiling main.c...
..\..\USER\SRC\main.c(160): error:  #165: too few arguments in function call
..\..\USER\SRC\main.c(165): error:  #165: too few arguments in function call
compiling usart1.c...
compiling control.c...
..\..\USER\SRC\control.c(37): error:  #29: expected an expression
..\..\USER\SRC\control.c(63): warning:  #174-D: expression has no effect
..\..\USER\SRC\control.c(76): error:  #20: identifier "P_Set_Val" is undefined
..\..\USER\SRC\control.c(92): error:  #20: identifier "W_Set_Val" is undefined
..\..\USER\SRC\control.c(93): error:  #20: identifier "Measure_P" is undefined
..\..\USER\SRC\control.c(122): warning:  #223-D: function "AD5231_Write_RDAC" declared implicitly
..\..\USER\SRC\control.c(132): warning:  #223-D: function "AD5231_Write_RDAC" declared implicitly
..\..\USER\SRC\control.c(111): warning:  #177-D: variable "j" was declared but never referenced
..\..\USER\SRC\control.c(259): error:  #20: identifier "P_Set_Val" is undefined
Target not created
Build target 'RDN_V1.0'
compiling main.c...
..\..\USER\SRC\main.c(160): error:  #165: too few arguments in function call
..\..\USER\SRC\main.c(165): error:  #165: too few arguments in function call
compiling control.c...
..\..\USER\SRC\control.c(39): error:  #29: expected an expression
..\..\USER\SRC\control.c(65): warning:  #174-D: expression has no effect
..\..\USER\SRC\control.c(78): error:  #20: identifier "P_Set_Val" is undefined
..\..\USER\SRC\control.c(94): error:  #20: identifier "W_Set_Val" is undefined
..\..\USER\SRC\control.c(95): error:  #20: identifier "Measure_P" is undefined
..\..\USER\SRC\control.c(124): warning:  #223-D: function "AD5231_Write_RDAC" declared implicitly
..\..\USER\SRC\control.c(134): warning:  #223-D: function "AD5231_Write_RDAC" declared implicitly
..\..\USER\SRC\control.c(113): warning:  #177-D: variable "j" was declared but never referenced
..\..\USER\SRC\control.c(261): error:  #20: identifier "P_Set_Val" is undefined
Target not created
Build target 'RDN_V1.0'
compiling main.c...
..\..\USER\SRC\main.c(160): error:  #165: too few arguments in function call
..\..\USER\SRC\main.c(165): error:  #165: too few arguments in function call
[...]
..\..\USER\SRC\control.c(285): warning:  #260-D: explicit type is missing ("int" assumed)
..\..\USER\SRC\control.c(294): error:  #20: identifier "electrode_num" is undefined
..\..\USER\SRC\control.c(294): error:  #140: too many arguments in function call
Target not created
Build target 'RDN_V1.0'
compiling control.c...
..\..\USER\SRC\control.c(40): error:  #29: expected an expression
..\..\USER\SRC\control.c(64): error:  #137: expression must be a modifiable lvalue
..\..\USER\SRC\control.c(66): error:  #29: expected an expression
..\..\USER\SRC\control.c(76): error:  #20: identifier "electrode_num" is undefined
..\..\USER\SRC\control.c(76): error:  #140: too many arguments in function call
..\..\USER\SRC\control.c(86): error:  #20: identifier "dcp_pos_arry" is undefined
..\..\USER\SRC\control.c(100): error:  #20: identifier "electrode_num" is undefined
..\..\USER\SRC\control.c(102): error:  #167: argument of type "float *" is incompatible with parameter of type "float"
..\..\USER\SRC\control.c(133): error:  #20: identifier "dcp_pos_arry" is undefined
..\..\USER\SRC\control.c(133): error:  #20: identifier "electrode_num" is undefined
..\..\USER\SRC\control.c(144): error:  #20: identifier "dcp_pos_arry" is undefined
..\..\USER\SRC\control.c(144): error:  #20: identifier "electrode_num" is undefined
..\..\USER\SRC\control.c(121): warning:  #177-D: variable "j" was declared but never referenced
..\..\USER\SRC\control.c(285): warning:  #260-D: explicit type is missing ("int" assumed)
..\..\USER\SRC\control.c(294): error:  #20: identifier "electrode_num" is undefined
..\..\USER\SRC\control.c(294): error:  #140: too many arguments in function call
Target not created
Build target 'RDN_V1.0'
compiling control.c...
..\..\USER\SRC\control.c(40): error:  #29: expected an expression
..\..\USER\SRC\control.c(66): error:  #29: expected an expression
..\..\USER\SRC\control.c(56): warning:  #550-D: variable "tmp2" was set but never used
..\..\USER\SRC\control.c(76): error:  #20: identifier "electrode_num" is undefined
..\..\USER\SRC\control.c(76): error:  #140: too many arguments in function call
..\..\USER\SRC\control.c(86): error:  #20: identifier "dcp_pos_arry" is undefined
..\..\USER\SRC\control.c(100): error:  #20: identifier "electrode_num" is undefined
..\..\USER\SRC\control.c(102): error:  #167: argument of type "float *" is incompatible with parameter of type "float"
..\..\USER\SRC\control.c(133): error:  #20: identifier "dcp_pos_arry" is undefined
..\..\USER\SRC\control.c(133): error:  #20: identifier "electrode_num" is undefined
..\..\USER\SRC\control.c(144): error:  #20: identifier "dcp_pos_arry" is undefined
..\..\USER\SRC\control.c(144): error:  #20: identifier "electrode_num" is undefined
..\..\USER\SRC\control.c(121): warning:  #177-D: variable "j" was declared but never referenced
..\..\USER\SRC\control.c(285): warning:  #260-D: explicit type is missing ("int" assumed)
..\..\USER\SRC\control.c(294): error:  #20: identifier "electrode_num" is undefined
..\..\USER\SRC\control.c(294): error:  #140: too many arguments in function call
Target not created
Build target 'RDN_V1.0'
compiling control.c...
..\..\USER\SRC\control.c(40): error:  #29: expected an expression
..\..\USER\SRC\control.c(66): error:  #29: expected an expression
..\..\USER\SRC\control.c(56): warning:  #550-D: variable "tmp2" was set but never used
..\..\USER\SRC\control.c(76): error:  #140: too many arguments in function call
..\..\USER\SRC\control.c(86): error:  #20: identifier "dcp_pos_arry" is undefined
..\..\USER\SRC\control.c(102): error:  #167: argument of type "float *" is incompatible with parameter of type "float"
..\..\USER\SRC\control.c(133): error:  #20: identifier "dcp_pos_arry" is undefined
..\..\USER\SRC\control.c(144): error:  #20: identifier "dcp_pos_arry" is undefined
..\..\USER\SRC\control.c(121): warning:  #177-D: variable "j" was declared but never referenced
..\..\USER\SRC\control.c(285): warning:  #260-D: explicit type is missing ("int" assumed)
..\..\USER\SRC\control.c(294): error:  #140: too many arguments in function call
Target not created
Build target 'RDN_V1.0'
compiling control.c...
..\..\USER\SRC\control.c(40): error:  #29: expected an expression
..\..\USER\SRC\control.c(66): error:  #29: expected an expression
..\..\USER\SRC\control.c(56): warning:  #550-D: variable "tmp2" was set but never used
..\..\USER\SRC\control.c(76): error:  #29: expected an expression
..\..\USER\SRC\control.c(76): error:  #140: too many arguments in function call
..\..\USER\SRC\control.c(86): error:  #20: identifier "dcp_pos_arry" is undefined
..\..\USER\SRC\control.c(102): error:  #167: argument of type "float *" is incompatible with parameter of type "float"
..\..\USER\SRC\control.c(133): error:  #20: identifier "dcp_pos_arry" is undefined
..\..\USER\SRC\control.c(144): error:  #20: identifier "dcp_pos_arry" is undefined
..\..\USER\SRC\control.c(121): warning:  #177-D: variable "j" was declared but never referenced
..\..\USER\SRC\control.c(285): warning:  #260-D: explicit type is missing ("int" assumed)
..\..\USER\SRC\control.c(294): error:  #140: too many arguments in function call
Target not created
Build target 'RDN_V1.0'
compiling control.c...
..\..\USER\SRC\control.c(40): error:  #29: expected an expression
..\..\USER\SRC\control.c(66): error:  #29: expected an expression
..\..\USER\SRC\control.c(56): warning:  #550-D: variable "tmp2" was set but never used
..\..\USER\SRC\control.c(76): error:  #29: expected an expression
..\..\USER\SRC\control.c(76): error:  #140: too many arguments in function call
..\..\USER\SRC\control.c(86): error:  #20: identifier "dcp_pos_arry" is undefined
..\..\USER\SRC\control.c(102): error:  #167: argument of type "float *" is incompatible with parameter of type "float"
..\..\USER\SRC\control.c(133): error:  #20: identifier "dcp_pos_arry" is undefined
..\..\USER\SRC\control.c(144): error:  #20: identifier "dcp_pos_arry" is undefined
..\..\USER\SRC\control.c(121): warning:  #177-D: variable "j" was declared but never referenced
..\..\USER\SRC\control.c(285): warning:  #260-D: explicit type is missing ("int" assumed)
..\..\USER\SRC\control.c(294): error:  #140: too many arguments in function call
Target not created
Build target 'RDN_V1.0'
compiling control.c...
..\..\USER\SRC\control.c(41): error:  #29: expected an expression
..\..\USER\SRC\control.c(67): error:  #29: expected an expression
..\..\USER\SRC\control.c(57): warning:  #550-D: variable "tmp2" was set but never used
..\..\USER\SRC\control.c(103): error:  #167: argument of type "float *" is incompatible with parameter of type "float"
..\..\USER\SRC\control.c(122): warning:  #177-D: variable "j" was declared but never referenced
..\..\USER\SRC\control.c(286): warning:  #260-D: explicit type is missing ("int" assumed)
..\..\USER\SRC\control.c(295): error:  #140: too many arguments in function call
Target not created
Build target 'RDN_V1.0'
compiling control.c...
..\..\USER\SRC\control.c(41): error:  #29: expected an expression
..\..\USER\SRC\control.c(67): error:  #29: expected an expression
..\..\USER\SRC\control.c(57): warning:  #550-D: variable "tmp2" was set but never used
..\..\USER\SRC\control.c(103): error:  #167: argument of type "float *" is incompatible with parameter of type "float"
..\..\USER\SRC\control.c(122): warning:  #177-D: variable "j" was declared but never referenced
..\..\USER\SRC\control.c(286): warning:  #260-D: explicit type is missing ("int" assumed)
Target not created
Build target 'RDN_V1.0'
compiling control.c...
..\..\USER\SRC\control.c(41): error:  #29: expected an expression
..\..\USER\SRC\control.c(67): error:  #29: expected an expression
..\..\USER\SRC\control.c(57): warning:  #550-D: variable "tmp2" was set but never used
..\..\USER\SRC\control.c(103): error:  #167: argument of type "float *" is incompatible with parameter of type "float"
..\..\USER\SRC\control.c(122): warning:  #177-D: variable "j" was declared but never referenced
Target not created
Build target 'RDN_V1.0'
compiling control.c...
..\..\USER\SRC\control.c(41): error:  #29: expected an expression
..\..\USER\SRC\control.c(67): error:  #29: expected an expression
..\..\USER\SRC\control.c(57): warning:  #550-D: variable "tmp2" was set but never used
..\..\USER\SRC\control.c(103): error:  #167: argument of type "float *" is incompatible with parameter of type "float"
..\..\USER\SRC\control.c(122): warning:  #177-D: variable "j" was declared but never referenced
Target not created
Build target 'RDN_V1.0'
compiling control.c...
..\..\USER\SRC\control.c(41): error:  #29: expected an expression
..\..\USER\SRC\control.c(67): error:  #29: expected an expression
..\..\USER\SRC\control.c(57): warning:  #550-D: variable "tmp2" was set but never used
..\..\USER\SRC\control.c(103): error:  #167: argument of type "float *" is incompatible with parameter of type "float"
Target not created
Build target 'RDN_V1.0'
compiling control.c...
..\..\USER\SRC\control.c(42): error:  #29: expected an expression
..\..\USER\SRC\control.c(61): error:  #20: identifier "var_channel" is undefined
..\..\USER\SRC\control.c(66): error:  #29: expected an expression
..\..\USER\SRC\control.c(57): warning:  #550-D: variable "tmp2" was set but never used
..\..\USER\SRC\control.c(78): error:  #140: too many arguments in function call
..\..\USER\SRC\control.c(100): error:  #140: too many arguments in function call
..\..\USER\SRC\control.c(102): error:  #167: argument of type "float *" is incompatible with parameter of type "float"
Target not created
Build target 'RDN_V1.0'
compiling control.c...
..\..\USER\SRC\control.c(42): error:  #29: expected an expression
..\..\USER\SRC\control.c(61): error:  #20: identifier "var_channel" is undefined
..\..\USER\SRC\control.c(66): error:  #29: expected an expression
..\..\USER\SRC\control.c(57): warning:  #550-D: variable "tmp2" was set but never used
..\..\USER\SRC\control.c(78): error:  #140: too many arguments in function call
..\..\USER\SRC\control.c(100): error:  #140: too many arguments in function call
..\..\USER\SRC\control.c(102): error:  #167: argument of type "float *" is incompatible with parameter of type "float"
Target not created
Build target 'RDN_V1.0'
compiling control.c...
..\..\USER\SRC\control.c(42): error:  #29: expected an expression
..\..\USER\SRC\control.c(61): error:  #20: identifier "var_channel" is undefined
..\..\USER\SRC\control.c(66): error:  #29: expected an expression
..\..\USER\SRC\control.c(57): warning:  #550-D: variable "tmp2" was set but never used
..\..\USER\SRC\control.c(100): error:  #140: too many arguments in function call
..\..\USER\SRC\control.c(102): error:  #167: argument of type "float *" is incompatible with parameter of type "float"
Target not created
Build target 'RDN_V1.0'
compiling control.c...
..\..\USER\SRC\control.c(42): error:  #29: expected an expression
..\..\USER\SRC\control.c(61): error:  #20: identifier "var_channel" is undefined
..\..\USER\SRC\control.c(66): error:  #29: expected an expression
..\..\USER\SRC\control.c(57): warning:  #550-D: variable "tmp2" was set but never used
..\..\USER\SRC\control.c(102): error:  #167: argument of type "float *" is incompatible with parameter of type "float"
Target not created
Build target 'RDN_V1.0'
compiling control.c...
..\..\USER\SRC\control.c(42): error:  #29: expected an expression
..\..\USER\SRC\control.c(61): error:  #20: identifier "var_channel" is undefined
..\..\USER\SRC\control.c(66): error:  #29: expected an expression
..\..\USER\SRC\control.c(57): warning:  #550-D: variable "tmp2" was set but never used
..\..\USER\SRC\control.c(102): error:  #167: argument of type "float *" is incompatible with parameter of type "float"
Target not created
Build target 'RDN_V1.0'
compiling control.c...
..\..\USER\SRC\control.c(42): error:  #29: expected an expression
..\..\USER\SRC\control.c(66): error:  #29: expected an expression
..\..\USER\SRC\control.c(57): warning:  #550-D: variable "tmp2" was set but never used
Target not created
Build target 'RDN_V1.0'
compiling control.c...
..\..\USER\SRC\control.c(42): error:  #29: expected an expression
..\..\USER\SRC\control.c(66): error:  #29: expected an expression
..\..\USER\SRC\control.c(57): warning:  #550-D: variable "tmp2" was set but never used
Target not created
Build target 'RDN_V1.0'
compiling main.c...
compiling control.c...
linking...
..\OUTPUT\RDN_V1.0.axf: Error: L6200E: Symbol delay_ms multiply defined (by ad_max186.o and dcp.o).
Target not created
Build target 'RDN_V1.0'
compiling ad_max186.c...
linking...
Program Size: Code=14868 RO-data=336 RW-data=136 ZI-data=1096  
FromELF: creating hex file...
"..\OUTPUT\RDN_V1.0.axf" - 0 Error(s), 0 Warning(s).
Build target 'RDN_V1.0'
compiling main.c...
compiling control.c...
compiling decoder.c...
linking...
Program Size: Code=14904 RO-data=336 RW-data=136 ZI-data=1096  
FromELF: creating hex file...
"..\OUTPUT\RDN_V1.0.axf" - 0 Error(s), 0 Warning(s).
Build target 'RDN_V1.0'
compiling main.c...
compiling usart1.c...
compiling control.c...
..\..\USER\SRC\control.c(323): error:  #67: expected a "}"
..\..\USER\SRC\control.c(324): warning:  #144-D: a value of type "volatile unsigned char *" cannot be used to initialize an entity of type "unsigned char *"
..\..\USER\SRC\control.c(328): warning:  #223-D: function "printf" declared implicitly
..\..\USER\SRC\control.c(324): warning:  #177-D: variable "p" was declared but never referenced
Target not created
Build target 'RDN_V1.0'
compiling control.c...
..\..\USER\SRC\control.c(323): error:  #67: expected a "}"
..\..\USER\SRC\control.c(324): warning:  #144-D: a value of type "volatile unsigned char *" cannot be used to initialize an entity of type "unsigned char *"
..\..\USER\SRC\control.c(328): warning:  #223-D: function "printf" declared implicitly
..\..\USER\SRC\control.c(324): warning:  #177-D: variable "p" was declared but never referenced
Target not created
Build target 'RDN_V1.0'
compiling control.c...
..\..\USER\SRC\control.c(323): error:  #67: expected a "}"
..\..\USER\SRC\control.c(324): error:  #20: identifier "cmd" is undefined
..\..\USER\SRC\control.c(328): warning:  #223-D: function "printf" declared implicitly
Target not created
Build target 'RDN_V1.0'
compiling control.c...
..\..\USER\SRC\control.c(323): error:  #67: expected a "}"
..\..\USER\SRC\control.c(328): warning:  #223-D: function "printf" declared implicitly
Target not created
Build target 'RDN_V1.0'
compiling control.c...
..\..\USER\SRC\control.c(324): error:  #67: expected a "}"
Target not created
Build target 'RDN_V1.0'
compiling control.c...
..\..\USER\SRC\control.c(324): error:  #67: expected a "}"
Target not created
Build target 'RDN_V1.0'
compiling control.c...
linking...
Program Size: Code=14984 RO-data=336 RW-data=136 ZI-data=1096  
FromELF: creating hex file...
"..\OUTPUT\RDN_V1.0.axf" - 0 Error(s), 0 Warning(s).
Build target 'RDN_V1.0'
compiling control.c...
linking...
Program Size: Code=14984 RO-data=336 RW-data=136 ZI-data=1096  
FromELF: creating hex file...
"..\OUTPUT\RDN_V1.0.axf" - 0 Error(s), 0 Warning(s).
Build target 'RDN_V1.0'
compiling control.c...
linking...
Program Size: Code=14984 RO-data=336 RW-data=136 ZI-data=1096  
FromELF: creating hex file...
"..\OUTPUT\RDN_V1.0.axf" - 0 Error(s), 0 Warning(s).
Build target 'RDN_V1.0'
linking...
Program Size: Code=14984 RO-data=336 RW-data=136 ZI-data=1096  
FromELF: creating hex file...
"..\OUTPUT\RDN_V1.0.axf" - 0 Error(s), 0 Warning(s).
Load "..\\OUTPUT\\RDN_V1.0" 
_____^
*** error 56: cannot open file
Build target 'RDN_V1.0'
linking...
Program Size: Code=14984 RO-data=336 RW-data=136 ZI-data=1096  
FromELF: creating hex file...
"..\OUTPUT\RDN_V1.0.axf" - 0 Error(s), 0 Warning(s).
Build target 'RDN_V1.0'
linking...
Program Size: Code=14984 RO-data=336 RW-data=136 ZI-data=1096  
FromELF: creating hex file...
"..\OUTPUT\RDN_V1.0.axf" - 0 Error(s), 0 Warning(s).
Load "..\\OUTPUT\\RDN_V1.0" 
_____^
*** error 56: cannot open file
Build target 'RDN_V1.0'
linking...
Program Size: Code=14984 RO-data=336 RW-data=136 ZI-data=1096  
FromELF: creating hex file...
"..\OUTPUT\RDN_V1.axf" - 0 Error(s), 0 Warning(s).
Load "..\\OUTPUT\\RDN_V1.AXF" 
Set JLink Project File to "F:\work\meiliweiye\my_project\≤‚ ‘≥Ã–Ú\RDN\RDN_V1.0\Project\OBJ\JLinkSettings.ini"
* JLink Info: Device "STM32F103VE" selected (512 KB flash, 64 KB RAM).
 
JLink info:
------------
DLL: V4.54a, compiled Sep 17 2012 15:58:45
Firmware: J-Link ARM V8 compiled Aug  1 2012 13:40:47
Hardware: V8.00
S/N : 20100213 
Feature(s) : RDI,FlashDL,FlashBP,JFlash,GDBFULL 
 
* JLink Info: Found SWD-DP with ID 0x1BA01477
* JLink Info: Found SWD-DP with ID 0x1BA01477
* JLink Info: TPIU fitted.
* JLink Info: ETM fitted.
* JLink Info: FPUnit: 6 code (BP) slots and 2 literal slots
* JLink Info: Found Cortex-M3 r1p1, Little endian.
ROMTableAddr = 0xE00FF003
 
Target info:
------------
Device: STM32F103VE
VTarget = 3.228V
State of Pins: 
TCK: 0, TDI: 0, TDO: 0, TMS: 1, TRES: 1, TRST: 1
Hardware-Breakpoints: 6
Software-Breakpoints: 8192
Watchpoints:          4
JTAG speed: 4000 kHz
 
Full Chip Erase Done.
Programming Done.
Verify OK.
Application running ...
Build target 'RDN_V1.0'
compiling main.c...
compiling usart1.c...
compiling control.c...
linking...
Program Size: Code=14984 RO-data=336 RW-data=136 ZI-data=1096  
FromELF: creating hex file...
"..\OUTPUT\RDN_V1.axf" - 0 Error(s), 0 Warning(s).
Build target 'RDN_V1.0'
linking...
Program Size: Code=14984 RO-data=336 RW-data=136 ZI-data=1096  
FromELF: creating hex file...
"..\OUTPUT\RDN_V1.axf" - 0 Error(s), 0 Warning(s).
Load "..\\OUTPUT\\RDN_V1.AXF" 
Set JLink Project File to "F:\work\meiliweiye\my_project\≤‚ ‘≥Ã–Ú\RDN\RDN_V1.0\Project\OBJ\JLinkSettings.ini"
* JLink Info: Device "STM32F103VE" selected (512 KB flash, 64 KB RAM).
 
JLink info:
------------
DLL: V4.54a, compiled Sep 17 2012 15:58:45
Firmware: J-Link ARM V8 compiled Aug  1 2012 13:40:47
Hardware: V8.00
S/N : 20100213 
Feature(s) : RDI,FlashDL,FlashBP,JFlash,GDBFULL 
 
* JLink Info: Found SWD-DP with ID 0x1BA01477
* JLink Info: Found SWD-DP with ID 0x1BA01477
* JLink Info: TPIU fitted.
* JLink Info: ETM fitted.
* JLink Info: FPUnit: 6 code (BP) slots and 2 literal slots
* JLink Info: Found Cortex-M3 r1p1, Little endian.
ROMTableAddr = 0xE00FF003
 
Target info:
------------
Device: STM32F103VE
VTarget = 3.222V
State of Pins: 
TCK: 0, TDI: 0, TDO: 0, TMS: 1, TRES: 1, TRST: 1
Hardware-Breakpoints: 6
Software-Breakpoints: 8192
Watchpoints:          4
JTAG speed: 4000 kHz
 
Full Chip Erase Done.
Programming Done.
Verify OK.
Application running ...
Build target 'RDN_V1.0'
compiling control.c...
linking...
Program Size: Code=14976 RO-data=336 RW-data=136 ZI-data=1096  
FromELF: creating hex file...
"..\OUTPUT\RDN_V1.axf" - 0 Error(s), 0 Warning(s).
Load "..\\OUTPUT\\RDN_V1.AXF" 
Set JLink Project File to "F:\work\meiliweiye\my_project\≤‚ ‘≥Ã–Ú\RDN\RDN_V1.0\Project\OBJ\JLinkSettings.ini"
* JLink Info: Device "STM32F103VE" selected (512 KB flash, 64 KB RAM).
 
JLink info:
------------
DLL: V4.54a, compiled Sep 17 2012 15:58:45
Firmware: J-Link ARM V8 compiled Aug  1 2012 13:40:47
Hardware: V8.00
S/N : 20100213 
Feature(s) : RDI,FlashDL,FlashBP,JFlash,GDBFULL 
 
* JLink Info: Found SWD-DP with ID 0x1BA01477
* JLink Info: Found SWD-DP with ID 0x1BA01477
* JLink Info: TPIU fitted.
* JLink Info: ETM fitted.
* JLink Info: FPUnit: 6 code (BP) slots and 2 literal slots
* JLink Info: Found Cortex-M3 r1p1, Little endian.
ROMTableAddr = 0xE00FF003
 
Target info:
------------
Device: STM32F103VE
VTarget = 3.222V
State of Pins: 
TCK: 0, TDI: 0, TDO: 0, TMS: 1, TRES: 1, TRST: 1
Hardware-Breakpoints: 6
Software-Breakpoints: 8192
Watchpoints:          4
JTAG speed: 4000 kHz
 
Full Chip Erase Done.
Programming Done.
Verify OK.
Application running ...
Build target 'RDN_V1.0'
linking...
Program Size: Code=14976 RO-data=336 RW-data=136 ZI-data=1096  
FromELF: creating hex file...
"..\OUTPUT\RDN_V1.axf" - 0 Error(s), 0 Warning(s).
